Using pre-set license
Built from '2022.3/respin/2022.3.62f2-4af31df585-v2' branch; Version is '2022.3.62f2 (7670c08855a9) revision 7762112'; Using compiler version '192829333'; Build Type 'Release'
OS: 'Windows 10  (10.0.19045) 64bit Professional' Language: 'ru' Physical Memory: 32668 MB
BatchMode: 1, IsHumanControllingUs: 0, StartBugReporterOnCrash: 0, Is64bit: 1, IsPro: 1

COMMAND LINE ARGUMENTS:
C:\Program Files\Unity\Hub\Editor\2022.3.62f2\Editor\Unity.exe
-adb2
-batchMode
-noUpm
-name
AssetImportWorker9
-projectPath
F:/ST/Unity project/Pyitochnaya/Magic-Sorting
-logFile
Logs/AssetImportWorker9.log
-srvPort
63459
Successfully changed project path to: F:/ST/Unity project/Pyitochnaya/Magic-Sorting
F:/ST/Unity project/Pyitochnaya/Magic-Sorting
[UnityMemory] Configuration Parameters - Can be set up in boot.config
    "memorysetup-bucket-allocator-granularity=16"
    "memorysetup-bucket-allocator-bucket-count=8"
    "memorysetup-bucket-allocator-block-size=33554432"
    "memorysetup-bucket-allocator-block-count=8"
    "memorysetup-main-allocator-block-size=16777216"
    "memorysetup-thread-allocator-block-size=16777216"
    "memorysetup-gfx-main-allocator-block-size=16777216"
    "memorysetup-gfx-thread-allocator-block-size=16777216"
    "memorysetup-cache-allocator-block-size=4194304"
    "memorysetup-typetree-allocator-block-size=2097152"
    "memorysetup-profiler-bucket-allocator-granularity=16"
    "memorysetup-profiler-bucket-allocator-bucket-count=8"
    "memorysetup-profiler-bucket-allocator-block-size=33554432"
    "memorysetup-profiler-bucket-allocator-block-count=8"
    "memorysetup-profiler-allocator-block-size=16777216"
    "memorysetup-profiler-editor-allocator-block-size=1048576"
    "memorysetup-temp-allocator-size-main=16777216"
    "memorysetup-job-temp-allocator-block-size=2097152"
    "memorysetup-job-temp-allocator-block-size-background=1048576"
    "memorysetup-job-temp-allocator-reduction-small-platforms=262144"
    "memorysetup-allocator-temp-initial-block-size-main=262144"
    "memorysetup-allocator-temp-initial-block-size-worker=262144"
    "memorysetup-temp-allocator-size-background-worker=32768"
    "memorysetup-temp-allocator-size-job-worker=262144"
    "memorysetup-temp-allocator-size-preload-manager=33554432"
    "memorysetup-temp-allocator-size-nav-mesh-worker=65536"
    "memorysetup-temp-allocator-size-audio-worker=65536"
    "memorysetup-temp-allocator-size-cloud-worker=32768"
    "memorysetup-temp-allocator-size-gi-baking-worker=262144"
    "memorysetup-temp-allocator-size-gfx=262144"
Player connection [12144]  Target information:

Player connection [12144]  * "[IP] 26.0.158.205 [Port] 0 [Flags] 2 [Guid] 3095738465 [EditorId] 3095738465 [Version] 1048832 [Id] WindowsEditor(7,DESKTOP-MRAJI7N) [Debug] 1 [PackageName] WindowsEditor [ProjectName] Editor" 

Player connection [12144]  * "[IP] 192.168.3.26 [Port] 0 [Flags] 2 [Guid] 3095738465 [EditorId] 3095738465 [Version] 1048832 [Id] WindowsEditor(7,DESKTOP-MRAJI7N) [Debug] 1 [PackageName] WindowsEditor [ProjectName] Editor" 

Player connection [12144] Host joined multi-casting on [225.0.0.222:54997]...
Player connection [12144] Host joined alternative multi-casting on [225.0.0.222:34997]...
Input System module state changed to: Initialized.
[PhysX] Initialized MultithreadedTaskDispatcher with 28 workers.
Refreshing native plugins compatible for Editor in 29.18 ms, found 3 plugins.
Preloading 0 native plugins for Editor in 0.00 ms.
Initialize engine version: 2022.3.62f2 (7670c08855a9)
[Subsystems] Discovering subsystems at path C:/Program Files/Unity/Hub/Editor/2022.3.62f2/Editor/Data/Resources/UnitySubsystems
[Subsystems] Discovering subsystems at path F:/ST/Unity project/Pyitochnaya/Magic-Sorting/Assets
GfxDevice: creating device client; threaded=0; jobified=0
Direct3D:
    Version:  Direct3D 11.0 [level 11.1]
    Renderer: NVIDIA GeForce GTX 1660 SUPER (ID=0x21c4)
    Vendor:   NVIDIA
    VRAM:     5966 MB
    Driver:   32.0.15.7283
Initialize mono
Mono path[0] = 'C:/Program Files/Unity/Hub/Editor/2022.3.62f2/Editor/Data/Managed'
Mono path[1] = 'C:/Program Files/Unity/Hub/Editor/2022.3.62f2/Editor/Data/MonoBleedingEdge/lib/mono/unityjit-win32'
Mono config path = 'C:/Program Files/Unity/Hub/Editor/2022.3.62f2/Editor/Data/MonoBleedingEdge/etc'
Using monoOptions --debugger-agent=transport=dt_socket,embedding=1,server=y,suspend=n,address=127.0.0.1:56268
Begin MonoManager ReloadAssembly
Registering precompiled unity dll's ...
Register platform support module: C:/Program Files/Unity/Hub/Editor/2022.3.62f2/Editor/Data/PlaybackEngines/WebGLSupport/UnityEditor.WebGL.Extensions.dll
Register platform support module: C:/Program Files/Unity/Hub/Editor/2022.3.62f2/Editor/Data/PlaybackEngines/AndroidPlayer/UnityEditor.Android.Extensions.dll
Register platform support module: C:/Program Files/Unity/Hub/Editor/2022.3.62f2/Editor/Data/PlaybackEngines/WindowsStandaloneSupport/UnityEditor.WindowsStandalone.Extensions.dll
Register platform support module: C:/Program Files/Unity/Hub/Editor/2022.3.62f2/Editor/Data/PlaybackEngines/MetroSupport/UnityEditor.UWP.Extensions.dll
Registered in 0.021576 seconds.
- Loaded All Assemblies, in  0.549 seconds
Native extension for UWP target not found
Native extension for WindowsStandalone target not found
Native extension for Android target not found
Android Extension - Scanning For ADB Devices 341 ms
Native extension for WebGL target not found
Mono: successfully reloaded assembly
- Finished resetting the current domain, in  0.771 seconds
Domain Reload Profiling: 1318ms
	BeginReloadAssembly (156ms)
		ExecutionOrderSort (0ms)
		DisableScriptedObjects (0ms)
		BackupInstance (0ms)
		ReleaseScriptingObjects (0ms)
		CreateAndSetChildDomain (1ms)
	RebuildCommonClasses (53ms)
	RebuildNativeTypeToScriptingClass (16ms)
	initialDomainReloadingComplete (97ms)
	LoadAllAssembliesAndSetupDomain (225ms)
		LoadAssemblies (154ms)
		RebuildTransferFunctionScriptingTraits (0ms)
		AnalyzeDomain (221ms)
			TypeCache.Refresh (219ms)
				TypeCache.ScanAssembly (199ms)
			ScanForSourceGeneratedMonoScriptInfo (1ms)
			ResolveRequiredComponents (1ms)
	FinalizeReload (772ms)
		ReleaseScriptCaches (0ms)
		RebuildScriptCaches (0ms)
		SetupLoadedEditorAssemblies (704ms)
			LogAssemblyErrors (0ms)
			InitializePlatformSupportModulesInManaged (461ms)
			SetLoadedEditorAssemblies (6ms)
			RefreshPlugins (0ms)
			BeforeProcessingInitializeOnLoad (3ms)
			ProcessInitializeOnLoadAttributes (170ms)
			ProcessInitializeOnLoadMethodAttributes (64ms)
			AfterProcessingInitializeOnLoad (0ms)
			EditorAssembliesLoaded (0ms)
		ExecutionOrderSort2 (0ms)
		AwakeInstancesAfterBackupRestoration (0ms)
========================================================================
Worker process is ready to serve import requests
Caller must complete domain reload
Begin MonoManager ReloadAssembly
- Loaded All Assemblies, in  1.308 seconds
Native extension for UWP target not found
Native extension for WindowsStandalone target not found
Native extension for Android target not found
Native extension for WebGL target not found
Asset Pipeline Refresh (id=2edd3732b37420c4b89f3d87ae113527): Total: 0.000 seconds - Initiated by StopAssetImportingV2(NoUpdateAssetOptions)
[ScriptCompilation] NOT recompiling all scripts because this is an import worker process. Reason to compile was: Define symbols changed
Mono: successfully reloaded assembly
Package Manager log level set to [2]
[Package Manager] Server::EnsureServerProcessIsRunning -- launch failed, reason: Unity was launched with the -noUpm command-line argument
[Package Manager] UpmClient::Send -- Unable to send message (not connected to UPM process).
[Package Manager] Cannot connect to Unity Package Manager local server
[Package Manager] Server::EnsureServerProcessIsRunning -- launch failed, reason: Unity was launched with the -noUpm command-line argument
[Package Manager] UpmClient::Send -- Unable to send message (not connected to UPM process).
[Package Manager] Cannot connect to Unity Package Manager local server
- Finished resetting the current domain, in  1.264 seconds
Domain Reload Profiling: 2569ms
	BeginReloadAssembly (214ms)
		ExecutionOrderSort (0ms)
		DisableScriptedObjects (8ms)
		BackupInstance (0ms)
		ReleaseScriptingObjects (0ms)
		CreateAndSetChildDomain (31ms)
	RebuildCommonClasses (49ms)
	RebuildNativeTypeToScriptingClass (16ms)
	initialDomainReloadingComplete (65ms)
	LoadAllAssembliesAndSetupDomain (959ms)
		LoadAssemblies (565ms)
		RebuildTransferFunctionScriptingTraits (0ms)
		AnalyzeDomain (518ms)
			TypeCache.Refresh (431ms)
				TypeCache.ScanAssembly (398ms)
			ScanForSourceGeneratedMonoScriptInfo (57ms)
			ResolveRequiredComponents (28ms)
	FinalizeReload (1265ms)
		ReleaseScriptCaches (0ms)
		RebuildScriptCaches (0ms)
		SetupLoadedEditorAssemblies (940ms)
			LogAssemblyErrors (0ms)
			InitializePlatformSupportModulesInManaged (31ms)
			SetLoadedEditorAssemblies (5ms)
			RefreshPlugins (0ms)
			BeforeProcessingInitializeOnLoad (143ms)
			ProcessInitializeOnLoadAttributes (643ms)
			ProcessInitializeOnLoadMethodAttributes (105ms)
			AfterProcessingInitializeOnLoad (12ms)
			EditorAssembliesLoaded (0ms)
		ExecutionOrderSort2 (0ms)
		AwakeInstancesAfterBackupRestoration (8ms)
WARNING: Shader Unsupported: 'Hidden/Universal Render Pipeline/Terrain/Lit (Base Pass)' - All subshaders removed
WARNING: Shader Did you use #pragma only_renderers and omit this platform?
WARNING: Shader If subshaders removal was intentional, you may have forgotten turning Fallback off?
WARNING: Shader Unsupported: 'Hidden/Universal Render Pipeline/Terrain/Lit (Base Pass)' - All subshaders removed
WARNING: Shader Did you use #pragma only_renderers and omit this platform?
WARNING: Shader If subshaders removal was intentional, you may have forgotten turning Fallback off?
WARNING: Shader Unsupported: 'Universal Render Pipeline/Terrain/Lit' - All subshaders removed
WARNING: Shader Did you use #pragma only_renderers and omit this platform?
WARNING: Shader If subshaders removal was intentional, you may have forgotten turning Fallback off?
WARNING: Shader Unsupported: 'Universal Render Pipeline/Terrain/Lit' - All subshaders removed
WARNING: Shader Did you use #pragma only_renderers and omit this platform?
WARNING: Shader If subshaders removal was intentional, you may have forgotten turning Fallback off?
Launched and connected shader compiler UnityShaderCompiler.exe after 0.06 seconds
Refreshing native plugins compatible for Editor in 24.23 ms, found 3 plugins.
Preloading 0 native plugins for Editor in 0.00 ms.
Unloading 7097 Unused Serialized files (Serialized files now loaded: 0)
Unloading 63 unused Assets / (3.3 MB). Loaded Objects now: 7543.
Memory consumption went from 262.0 MB to 258.7 MB.
Total: 10.235100 ms (FindLiveObjects: 0.736200 ms CreateObjectMapping: 0.514400 ms MarkObjects: 7.691800 ms  DeleteObjects: 1.288600 ms)

AssetImportParameters requested are different than current active one (requested -> active):
  custom:container-demuxer-ogg: 62fdf1f143b41e24485cea50d1cbac27 -> 
  custom:framework-win-MediaFoundation: 216162199b28c13a410421893ffa2e32 -> 
  custom:scripting/monoscript/fileName/ETFXMouseOrbit.cs: 654fedd2040686dffcba3ab26348e73a -> 
  custom:scripting/monoscript/fileName/ETFXSceneManager.cs: 9146f3552534435a5b54b9657a6eaacd -> 
  custom:container-muxer-webm: aa71ff27fc2769a1b78a27578f13a17b -> 
  custom:video-decoder-webm-vp8: 9c59270c3fd7afecdb556c50c9e8de78 -> 
  custom:SearchIndexIgnoredProperties: e643bd26f0fe6173181afceb89e7c659 -> 
  custom:AudioImporter_EditorPlatform: d09bf68614088b80899f8185d706f6e7 -> 
  custom:scripting/monoscript/fileName/UICanvasManager.cs: ad5d5df5b0e004a8bd01e6144db352c4 -> 
  custom:audio-decoder-ogg-vorbis: bf7c407c2cedff20999df2af8eb42d56 -> 
  custom:scripting/monoscript/fileName/ETFXFireProjectile.cs: 848ec65e1ca5a78b8976353fa3b86db5 -> 
  custom:audio-encoder-webm-vorbis: bf7c407c2cedff20999df2af8eb42d56 -> 
  custom:scripting/monoscript/fileName/ParticleEffectsLibrary.cs: 3a37ad8c45f2dea0089853c8f2c9d55f -> 
  custom:scripting/monoscript/fileName/ETFXLoopScript.cs: d5bc634ada6d0fb61f6dc312af0d35d8 -> 
  custom:video-decoder-ogg-theora: a1e56fd34408186e4bbccfd4996cb3dc -> 
  custom:scripting/monoscript/fileName/ETFXTarget.cs: c04ff8e5450f1152d1f50a47046a7522 -> 
  custom:scripting/monoscript/fileName/PEButtonScript.cs: bf6c80445f44505babe53d9f3e6c71a8 -> 
  custom:CustomObjectIndexerAttribute: 3ead1caaecf1c488f20bcfeb224b6af5 -> 
  custom:scripting/precompiled-assembly-types:CFXREditor: 45f8f0be3c142689c886126dad3da7ee -> 5d0cf95aa15ee19e30b49a6250815b00
  custom:container-demuxer-webm: 4f35f7cbe854078d1ac9338744f61a02 -> 
  custom:scripting/precompiled-assembly-types:CFXRRuntime: 97d85b883096b4ce9e3141768adf6f13 -> c382ecbfce1d1d35be7c6b97161c2ecd
  custom:scripting/monoscript/fileName/ETFXProjectileScript.cs: 91e6ec5b2311ff6de4abc8636a61f0dc -> 
  custom:video-encoder-webm-vp8: eb34c28f22e8b96e1ab97ce403110664 -> 
  custom:scripting/monoscript/fileName/ETFXButtonScript.cs: ed5b95a3380373270aaebfcd2475e74c -> 
========================================================================
Received Prepare
Caller must complete domain reload
Begin MonoManager ReloadAssembly
- Loaded All Assemblies, in  0.815 seconds
Native extension for UWP target not found
Native extension for WindowsStandalone target not found
Native extension for Android target not found
Native extension for WebGL target not found
Asset Pipeline Refresh (id=7638a7d99c94bd944a78303a04286943): Total: 0.000 seconds - Initiated by StopAssetImportingV2(NoUpdateAssetOptions)
[ScriptCompilation] NOT recompiling all scripts because this is an import worker process. Reason to compile was: Define symbols changed
Mono: successfully reloaded assembly
[Package Manager] Server::EnsureServerProcessIsRunning -- launch failed, reason: Unity was launched with the -noUpm command-line argument
[Package Manager] UpmClient::Send -- Unable to send message (not connected to UPM process).
[Package Manager] Cannot connect to Unity Package Manager local server
- Finished resetting the current domain, in  2.188 seconds
Domain Reload Profiling: 2998ms
	BeginReloadAssembly (229ms)
		ExecutionOrderSort (0ms)
		DisableScriptedObjects (7ms)
		BackupInstance (0ms)
		ReleaseScriptingObjects (0ms)
		CreateAndSetChildDomain (62ms)
	RebuildCommonClasses (51ms)
	RebuildNativeTypeToScriptingClass (17ms)
	initialDomainReloadingComplete (49ms)
	LoadAllAssembliesAndSetupDomain (465ms)
		LoadAssemblies (541ms)
		RebuildTransferFunctionScriptingTraits (0ms)
		AnalyzeDomain (44ms)
			TypeCache.Refresh (12ms)
				TypeCache.ScanAssembly (0ms)
			ScanForSourceGeneratedMonoScriptInfo (0ms)
			ResolveRequiredComponents (30ms)
	FinalizeReload (2189ms)
		ReleaseScriptCaches (0ms)
		RebuildScriptCaches (0ms)
		SetupLoadedEditorAssemblies (789ms)
			LogAssemblyErrors (0ms)
			InitializePlatformSupportModulesInManaged (31ms)
			SetLoadedEditorAssemblies (6ms)
			RefreshPlugins (0ms)
			BeforeProcessingInitializeOnLoad (135ms)
			ProcessInitializeOnLoadAttributes (509ms)
			ProcessInitializeOnLoadMethodAttributes (95ms)
			AfterProcessingInitializeOnLoad (12ms)
			EditorAssembliesLoaded (0ms)
		ExecutionOrderSort2 (0ms)
		AwakeInstancesAfterBackupRestoration (9ms)
WARNING: Shader Unsupported: 'Hidden/Universal Render Pipeline/Terrain/Lit (Base Pass)' - All subshaders removed
WARNING: Shader Did you use #pragma only_renderers and omit this platform?
WARNING: Shader If subshaders removal was intentional, you may have forgotten turning Fallback off?
WARNING: Shader Unsupported: 'Hidden/Universal Render Pipeline/Terrain/Lit (Base Pass)' - All subshaders removed
WARNING: Shader Did you use #pragma only_renderers and omit this platform?
WARNING: Shader If subshaders removal was intentional, you may have forgotten turning Fallback off?
WARNING: Shader Unsupported: 'Universal Render Pipeline/Terrain/Lit' - All subshaders removed
WARNING: Shader Did you use #pragma only_renderers and omit this platform?
WARNING: Shader If subshaders removal was intentional, you may have forgotten turning Fallback off?
WARNING: Shader Unsupported: 'Universal Render Pipeline/Terrain/Lit' - All subshaders removed
WARNING: Shader Did you use #pragma only_renderers and omit this platform?
WARNING: Shader If subshaders removal was intentional, you may have forgotten turning Fallback off?
Refreshing native plugins compatible for Editor in 26.98 ms, found 3 plugins.
Preloading 0 native plugins for Editor in 0.00 ms.
Unloading 6950 Unused Serialized files (Serialized files now loaded: 0)
Unloading 46 unused Assets / (3.3 MB). Loaded Objects now: 7558.
Memory consumption went from 228.6 MB to 225.4 MB.
Total: 9.252900 ms (FindLiveObjects: 1.012900 ms CreateObjectMapping: 0.498600 ms MarkObjects: 6.365300 ms  DeleteObjects: 1.374200 ms)

Prepare: number of updated asset objects reloaded= 0
AssetImportParameters requested are different than current active one (requested -> active):
  custom:container-demuxer-ogg: 62fdf1f143b41e24485cea50d1cbac27 -> 
  custom:framework-win-MediaFoundation: 216162199b28c13a410421893ffa2e32 -> 
  custom:scripting/monoscript/fileName/CFXR_ParticleTextFontAsset.cs: 2c0f5b39375fdb3ffea33678dba0f2b1 -> 997a733798b2c803fc88cc92695e7ca4
  custom:scripting/monoscript/fileName/CFXR_MaterialInspector.cs: 0c5bfea224b575e2646313fc42f2e08d -> 85a99159289e64398275fbc6500bb9a8
  custom:scripting/monoscript/fileName/ETFXMouseOrbit.cs: 654fedd2040686dffcba3ab26348e73a -> 
  custom:scripting/monoscript/fileName/CFXR_Effect.CameraShake.cs: a53f96815da50de15010b1c479bc70cf -> 0cdf409b5aa8d4c25876d72b5c6a3b60
  custom:scripting/monoscript/fileName/CFXR_EmissionBySurface.cs: ace1fbedccc09febe364c5088d60b3b3 -> 6294a85dd8a1718740abd2427d3ed0fe
  custom:scripting/monoscript/fileName/ETFXSceneManager.cs: 9146f3552534435a5b54b9657a6eaacd -> 
  custom:scripting/monoscript/fileName/CFXR_ExpressionParser.cs: f9b5276a4e540080f15d5067545c3777 -> 215820334dc899aa183f0061c3ffd288
  custom:container-muxer-webm: aa71ff27fc2769a1b78a27578f13a17b -> 
  custom:video-decoder-webm-vp8: 9c59270c3fd7afecdb556c50c9e8de78 -> 
  custom:SearchIndexIgnoredProperties: e643bd26f0fe6173181afceb89e7c659 -> 
  custom:scripting/monoscript/fileName/CFXR_ParticleText.cs: 954edc24969e7d36de6c6a079a85cb98 -> 3f1f97f09f1dd1cf194149bcb9712660
  custom:AudioImporter_EditorPlatform: d09bf68614088b80899f8185d706f6e7 -> 
  custom:scripting/monoscript/fileName/UICanvasManager.cs: ad5d5df5b0e004a8bd01e6144db352c4 -> 
  custom:audio-decoder-ogg-vorbis: bf7c407c2cedff20999df2af8eb42d56 -> 
  custom:scripting/monoscript/fileName/ETFXFireProjectile.cs: 848ec65e1ca5a78b8976353fa3b86db5 -> 
  custom:scripting/monoscript/fileName/CFXR_ShaderPostProcessor.cs: 8c6e989bfa7de8931452a3b2acaa3404 -> eee4c4410265e19bfd8b3e2c4c5b2a2d
  custom:audio-encoder-webm-vorbis: bf7c407c2cedff20999df2af8eb42d56 -> 
  custom:scripting/monoscript/fileName/ParticleEffectsLibrary.cs: 3a37ad8c45f2dea0089853c8f2c9d55f -> 
  custom:scripting/monoscript/fileName/ETFXLoopScript.cs: d5bc634ada6d0fb61f6dc312af0d35d8 -> 
  custom:scripting/monoscript/fileName/CFXR_Styles.cs: 0757069e7af3ba4444d0d25cf7f1aee1 -> 14132385ef0a62dc85f08de4f5687ece
  custom:video-decoder-ogg-theora: a1e56fd34408186e4bbccfd4996cb3dc -> 
  custom:scripting/monoscript/fileName/ETFXTarget.cs: c04ff8e5450f1152d1f50a47046a7522 -> 
  custom:scripting/monoscript/fileName/CFXR_ShaderImporter.cs: a566cd0f556f35f05719aac10415b17c -> f0ef3fb7c5ca7b4517f50c44917fac9e
  custom:scripting/monoscript/fileName/PEButtonScript.cs: bf6c80445f44505babe53d9f3e6c71a8 -> 
  custom:CustomObjectIndexerAttribute: 3ead1caaecf1c488f20bcfeb224b6af5 -> 
  custom:container-demuxer-webm: 4f35f7cbe854078d1ac9338744f61a02 -> 
  custom:scripting/monoscript/fileName/ETFXProjectileScript.cs: 91e6ec5b2311ff6de4abc8636a61f0dc -> 
  custom:video-encoder-webm-vp8: eb34c28f22e8b96e1ab97ce403110664 -> 
  custom:scripting/monoscript/fileName/ETFXButtonScript.cs: ed5b95a3380373270aaebfcd2475e74c -> 
========================================================================
Received Prepare
Caller must complete domain reload
Begin MonoManager ReloadAssembly
- Loaded All Assemblies, in  0.773 seconds
Native extension for UWP target not found
Native extension for WindowsStandalone target not found
Native extension for Android target not found
Native extension for WebGL target not found
Asset Pipeline Refresh (id=84e8461b60096194fb99845742b8cb88): Total: 0.000 seconds - Initiated by StopAssetImportingV2(NoUpdateAssetOptions)
[ScriptCompilation] NOT recompiling all scripts because this is an import worker process. Reason to compile was: Define symbols changed
Mono: successfully reloaded assembly
[Package Manager] Server::EnsureServerProcessIsRunning -- launch failed, reason: Unity was launched with the -noUpm command-line argument
[Package Manager] UpmClient::Send -- Unable to send message (not connected to UPM process).
[Package Manager] Cannot connect to Unity Package Manager local server
- Finished resetting the current domain, in  2.252 seconds
Domain Reload Profiling: 3022ms
	BeginReloadAssembly (216ms)
		ExecutionOrderSort (0ms)
		DisableScriptedObjects (7ms)
		BackupInstance (0ms)
		ReleaseScriptingObjects (0ms)
		CreateAndSetChildDomain (54ms)
	RebuildCommonClasses (49ms)
	RebuildNativeTypeToScriptingClass (20ms)
	initialDomainReloadingComplete (47ms)
	LoadAllAssembliesAndSetupDomain (436ms)
		LoadAssemblies (511ms)
		RebuildTransferFunctionScriptingTraits (0ms)
		AnalyzeDomain (39ms)
			TypeCache.Refresh (11ms)
				TypeCache.ScanAssembly (0ms)
			ScanForSourceGeneratedMonoScriptInfo (0ms)
			ResolveRequiredComponents (26ms)
	FinalizeReload (2253ms)
		ReleaseScriptCaches (0ms)
		RebuildScriptCaches (0ms)
		SetupLoadedEditorAssemblies (825ms)
			LogAssemblyErrors (0ms)
			InitializePlatformSupportModulesInManaged (35ms)
			SetLoadedEditorAssemblies (6ms)
			RefreshPlugins (0ms)
			BeforeProcessingInitializeOnLoad (149ms)
			ProcessInitializeOnLoadAttributes (523ms)
			ProcessInitializeOnLoadMethodAttributes (101ms)
			AfterProcessingInitializeOnLoad (12ms)
			EditorAssembliesLoaded (0ms)
		ExecutionOrderSort2 (0ms)
		AwakeInstancesAfterBackupRestoration (9ms)
WARNING: Shader Unsupported: 'Hidden/Universal Render Pipeline/Terrain/Lit (Base Pass)' - All subshaders removed
WARNING: Shader Did you use #pragma only_renderers and omit this platform?
WARNING: Shader If subshaders removal was intentional, you may have forgotten turning Fallback off?
WARNING: Shader Unsupported: 'Hidden/Universal Render Pipeline/Terrain/Lit (Base Pass)' - All subshaders removed
WARNING: Shader Did you use #pragma only_renderers and omit this platform?
WARNING: Shader If subshaders removal was intentional, you may have forgotten turning Fallback off?
WARNING: Shader Unsupported: 'Universal Render Pipeline/Terrain/Lit' - All subshaders removed
WARNING: Shader Did you use #pragma only_renderers and omit this platform?
WARNING: Shader If subshaders removal was intentional, you may have forgotten turning Fallback off?
WARNING: Shader Unsupported: 'Universal Render Pipeline/Terrain/Lit' - All subshaders removed
WARNING: Shader Did you use #pragma only_renderers and omit this platform?
WARNING: Shader If subshaders removal was intentional, you may have forgotten turning Fallback off?
Refreshing native plugins compatible for Editor in 22.69 ms, found 3 plugins.
Preloading 0 native plugins for Editor in 0.00 ms.
Unloading 6950 Unused Serialized files (Serialized files now loaded: 0)
Unloading 46 unused Assets / (3.3 MB). Loaded Objects now: 7573.
Memory consumption went from 228.7 MB to 225.4 MB.
Total: 9.641300 ms (FindLiveObjects: 1.164200 ms CreateObjectMapping: 0.509300 ms MarkObjects: 6.500100 ms  DeleteObjects: 1.466300 ms)

Prepare: number of updated asset objects reloaded= 0
AssetImportParameters requested are different than current active one (requested -> active):
  custom:container-demuxer-ogg: 62fdf1f143b41e24485cea50d1cbac27 -> 
  custom:framework-win-MediaFoundation: 216162199b28c13a410421893ffa2e32 -> 
  custom:scripting/monoscript/fileName/CFXR_ParticleTextFontAsset.cs: 2c0f5b39375fdb3ffea33678dba0f2b1 -> 997a733798b2c803fc88cc92695e7ca4
  custom:scripting/monoscript/fileName/CFXR_MaterialInspector.cs: 0c5bfea224b575e2646313fc42f2e08d -> 85a99159289e64398275fbc6500bb9a8
  custom:scripting/monoscript/fileName/ETFXMouseOrbit.cs: 654fedd2040686dffcba3ab26348e73a -> 
  custom:scripting/monoscript/fileName/CFXR_Effect.CameraShake.cs: a53f96815da50de15010b1c479bc70cf -> 0cdf409b5aa8d4c25876d72b5c6a3b60
  custom:scripting/monoscript/fileName/CFXR_EmissionBySurface.cs: ace1fbedccc09febe364c5088d60b3b3 -> 6294a85dd8a1718740abd2427d3ed0fe
  custom:scripting/monoscript/fileName/ETFXSceneManager.cs: 9146f3552534435a5b54b9657a6eaacd -> 
  custom:scripting/monoscript/fileName/CFXR_ExpressionParser.cs: f9b5276a4e540080f15d5067545c3777 -> 215820334dc899aa183f0061c3ffd288
  custom:container-muxer-webm: aa71ff27fc2769a1b78a27578f13a17b -> 
  custom:video-decoder-webm-vp8: 9c59270c3fd7afecdb556c50c9e8de78 -> 
  custom:SearchIndexIgnoredProperties: e643bd26f0fe6173181afceb89e7c659 -> 
  custom:scripting/monoscript/fileName/CFXR_ParticleText.cs: 954edc24969e7d36de6c6a079a85cb98 -> 3f1f97f09f1dd1cf194149bcb9712660
  custom:AudioImporter_EditorPlatform: d09bf68614088b80899f8185d706f6e7 -> 
  custom:scripting/monoscript/fileName/UICanvasManager.cs: ad5d5df5b0e004a8bd01e6144db352c4 -> 
  custom:audio-decoder-ogg-vorbis: bf7c407c2cedff20999df2af8eb42d56 -> 
  custom:scripting/monoscript/fileName/ETFXFireProjectile.cs: 848ec65e1ca5a78b8976353fa3b86db5 -> 
  custom:scripting/monoscript/fileName/CFXR_ShaderPostProcessor.cs: 8c6e989bfa7de8931452a3b2acaa3404 -> eee4c4410265e19bfd8b3e2c4c5b2a2d
  custom:audio-encoder-webm-vorbis: bf7c407c2cedff20999df2af8eb42d56 -> 
  custom:scripting/monoscript/fileName/ParticleEffectsLibrary.cs: 3a37ad8c45f2dea0089853c8f2c9d55f -> 
  custom:scripting/monoscript/fileName/ETFXLoopScript.cs: d5bc634ada6d0fb61f6dc312af0d35d8 -> 
  custom:scripting/monoscript/fileName/CFXR_Styles.cs: 0757069e7af3ba4444d0d25cf7f1aee1 -> 14132385ef0a62dc85f08de4f5687ece
  custom:video-decoder-ogg-theora: a1e56fd34408186e4bbccfd4996cb3dc -> 
  custom:scripting/monoscript/fileName/ETFXTarget.cs: c04ff8e5450f1152d1f50a47046a7522 -> 
  custom:scripting/monoscript/fileName/CFXR_ShaderImporter.cs: a566cd0f556f35f05719aac10415b17c -> f0ef3fb7c5ca7b4517f50c44917fac9e
  custom:scripting/monoscript/fileName/PEButtonScript.cs: bf6c80445f44505babe53d9f3e6c71a8 -> 
  custom:CustomObjectIndexerAttribute: 3ead1caaecf1c488f20bcfeb224b6af5 -> 
  custom:container-demuxer-webm: 4f35f7cbe854078d1ac9338744f61a02 -> 
  custom:scripting/monoscript/fileName/ETFXProjectileScript.cs: 91e6ec5b2311ff6de4abc8636a61f0dc -> 
  custom:video-encoder-webm-vp8: eb34c28f22e8b96e1ab97ce403110664 -> 
  custom:scripting/monoscript/fileName/ETFXButtonScript.cs: ed5b95a3380373270aaebfcd2475e74c -> 
========================================================================
Received Import Request.
  Time since last request: 154153.090043 seconds.
  path: Assets/Source/Materials/MaterialMagicCell.mat
  artifactKey: Guid(9db4056aea345ff40bd86d022909d6ff) Importer(815301076,1909f56bfc062723c751e8b465ee728b)
Start importing Assets/Source/Materials/MaterialMagicCell.mat using Guid(9db4056aea345ff40bd86d022909d6ff) Importer(815301076,1909f56bfc062723c751e8b465ee728b) [PhysX] Initialized MultithreadedTaskDispatcher with 28 workers.
[PhysX] Initialized MultithreadedTaskDispatcher with 28 workers.
 -> (artifact id: 'edb9481a98ed56825e90b8663f4ff2b8') in 0.157560 seconds
Number of updated asset objects reloaded before import = 0
Number of asset objects unloaded after import = 1
========================================================================
Received Prepare
Caller must complete domain reload
Begin MonoManager ReloadAssembly
- Loaded All Assemblies, in  0.776 seconds
Native extension for UWP target not found
Native extension for WindowsStandalone target not found
Native extension for Android target not found
Native extension for WebGL target not found
Asset Pipeline Refresh (id=baf189785cc4b6d4f938d0424f0d2ffa): Total: 0.000 seconds - Initiated by StopAssetImportingV2(NoUpdateAssetOptions)
[ScriptCompilation] NOT recompiling all scripts because this is an import worker process. Reason to compile was: Define symbols changed
Mono: successfully reloaded assembly
[Package Manager] Server::EnsureServerProcessIsRunning -- launch failed, reason: Unity was launched with the -noUpm command-line argument
[Package Manager] UpmClient::Send -- Unable to send message (not connected to UPM process).
[Package Manager] Cannot connect to Unity Package Manager local server
- Finished resetting the current domain, in  2.309 seconds
Domain Reload Profiling: 3081ms
	BeginReloadAssembly (214ms)
		ExecutionOrderSort (0ms)
		DisableScriptedObjects (6ms)
		BackupInstance (0ms)
		ReleaseScriptingObjects (0ms)
		CreateAndSetChildDomain (54ms)
	RebuildCommonClasses (49ms)
	RebuildNativeTypeToScriptingClass (17ms)
	initialDomainReloadingComplete (48ms)
	LoadAllAssembliesAndSetupDomain (444ms)
		LoadAssemblies (517ms)
		RebuildTransferFunctionScriptingTraits (0ms)
		AnalyzeDomain (42ms)
			TypeCache.Refresh (12ms)
				TypeCache.ScanAssembly (0ms)
			ScanForSourceGeneratedMonoScriptInfo (0ms)
			ResolveRequiredComponents (28ms)
	FinalizeReload (2309ms)
		ReleaseScriptCaches (0ms)
		RebuildScriptCaches (0ms)
		SetupLoadedEditorAssemblies (876ms)
			LogAssemblyErrors (0ms)
			InitializePlatformSupportModulesInManaged (36ms)
			SetLoadedEditorAssemblies (6ms)
			RefreshPlugins (0ms)
			BeforeProcessingInitializeOnLoad (142ms)
			ProcessInitializeOnLoadAttributes (572ms)
			ProcessInitializeOnLoadMethodAttributes (107ms)
			AfterProcessingInitializeOnLoad (14ms)
			EditorAssembliesLoaded (0ms)
		ExecutionOrderSort2 (0ms)
		AwakeInstancesAfterBackupRestoration (9ms)
WARNING: Shader Unsupported: 'Hidden/Universal Render Pipeline/Terrain/Lit (Base Pass)' - All subshaders removed
WARNING: Shader Did you use #pragma only_renderers and omit this platform?
WARNING: Shader If subshaders removal was intentional, you may have forgotten turning Fallback off?
WARNING: Shader Unsupported: 'Hidden/Universal Render Pipeline/Terrain/Lit (Base Pass)' - All subshaders removed
WARNING: Shader Did you use #pragma only_renderers and omit this platform?
WARNING: Shader If subshaders removal was intentional, you may have forgotten turning Fallback off?
WARNING: Shader Unsupported: 'Universal Render Pipeline/Terrain/Lit' - All subshaders removed
WARNING: Shader Did you use #pragma only_renderers and omit this platform?
WARNING: Shader If subshaders removal was intentional, you may have forgotten turning Fallback off?
WARNING: Shader Unsupported: 'Universal Render Pipeline/Terrain/Lit' - All subshaders removed
WARNING: Shader Did you use #pragma only_renderers and omit this platform?
WARNING: Shader If subshaders removal was intentional, you may have forgotten turning Fallback off?
Refreshing native plugins compatible for Editor in 45.37 ms, found 3 plugins.
Preloading 0 native plugins for Editor in 0.00 ms.
Unloading 6950 Unused Serialized files (Serialized files now loaded: 0)
Unloading 46 unused Assets / (3.2 MB). Loaded Objects now: 7629.
Memory consumption went from 233.0 MB to 229.8 MB.
Total: 10.832300 ms (FindLiveObjects: 0.948300 ms CreateObjectMapping: 0.538300 ms MarkObjects: 7.896900 ms  DeleteObjects: 1.447200 ms)

Prepare: number of updated asset objects reloaded= 0
AssetImportParameters requested are different than current active one (requested -> active):
  custom:container-demuxer-ogg: 62fdf1f143b41e24485cea50d1cbac27 -> 
  custom:framework-win-MediaFoundation: 216162199b28c13a410421893ffa2e32 -> 
  custom:scripting/monoscript/fileName/CFXR_ParticleTextFontAsset.cs: 2c0f5b39375fdb3ffea33678dba0f2b1 -> 997a733798b2c803fc88cc92695e7ca4
  custom:scripting/monoscript/fileName/CFXR_MaterialInspector.cs: 0c5bfea224b575e2646313fc42f2e08d -> 85a99159289e64398275fbc6500bb9a8
  custom:scripting/monoscript/fileName/ETFXMouseOrbit.cs: 654fedd2040686dffcba3ab26348e73a -> 
  custom:scripting/monoscript/fileName/CFXR_Effect.CameraShake.cs: a53f96815da50de15010b1c479bc70cf -> 0cdf409b5aa8d4c25876d72b5c6a3b60
  custom:scripting/monoscript/fileName/CFXR_EmissionBySurface.cs: ace1fbedccc09febe364c5088d60b3b3 -> 6294a85dd8a1718740abd2427d3ed0fe
  custom:scripting/monoscript/fileName/ETFXSceneManager.cs: 9146f3552534435a5b54b9657a6eaacd -> 
  custom:scripting/monoscript/fileName/CFXR_ExpressionParser.cs: f9b5276a4e540080f15d5067545c3777 -> 215820334dc899aa183f0061c3ffd288
  custom:container-muxer-webm: aa71ff27fc2769a1b78a27578f13a17b -> 
  custom:video-decoder-webm-vp8: 9c59270c3fd7afecdb556c50c9e8de78 -> 
  custom:SearchIndexIgnoredProperties: e643bd26f0fe6173181afceb89e7c659 -> 
  custom:scripting/monoscript/fileName/CFXR_ParticleText.cs: 954edc24969e7d36de6c6a079a85cb98 -> 3f1f97f09f1dd1cf194149bcb9712660
  custom:AudioImporter_EditorPlatform: d09bf68614088b80899f8185d706f6e7 -> 
  custom:scripting/monoscript/fileName/UICanvasManager.cs: ad5d5df5b0e004a8bd01e6144db352c4 -> 
  custom:audio-decoder-ogg-vorbis: bf7c407c2cedff20999df2af8eb42d56 -> 
  custom:scripting/monoscript/fileName/ETFXFireProjectile.cs: 848ec65e1ca5a78b8976353fa3b86db5 -> 
  custom:scripting/monoscript/fileName/CFXR_ShaderPostProcessor.cs: 8c6e989bfa7de8931452a3b2acaa3404 -> eee4c4410265e19bfd8b3e2c4c5b2a2d
  custom:audio-encoder-webm-vorbis: bf7c407c2cedff20999df2af8eb42d56 -> 
  custom:scripting/monoscript/fileName/ParticleEffectsLibrary.cs: 3a37ad8c45f2dea0089853c8f2c9d55f -> 
  custom:scripting/monoscript/fileName/ETFXLoopScript.cs: d5bc634ada6d0fb61f6dc312af0d35d8 -> 
  custom:scripting/monoscript/fileName/CFXR_Styles.cs: 0757069e7af3ba4444d0d25cf7f1aee1 -> 14132385ef0a62dc85f08de4f5687ece
  custom:video-decoder-ogg-theora: a1e56fd34408186e4bbccfd4996cb3dc -> 
  custom:scripting/monoscript/fileName/ETFXTarget.cs: c04ff8e5450f1152d1f50a47046a7522 -> 
  custom:scripting/monoscript/fileName/CFXR_ShaderImporter.cs: a566cd0f556f35f05719aac10415b17c -> f0ef3fb7c5ca7b4517f50c44917fac9e
  custom:scripting/monoscript/fileName/PEButtonScript.cs: bf6c80445f44505babe53d9f3e6c71a8 -> 
  custom:CustomObjectIndexerAttribute: 3ead1caaecf1c488f20bcfeb224b6af5 -> 
  custom:container-demuxer-webm: 4f35f7cbe854078d1ac9338744f61a02 -> 
  custom:scripting/monoscript/fileName/ETFXProjectileScript.cs: 91e6ec5b2311ff6de4abc8636a61f0dc -> 
  custom:video-encoder-webm-vp8: eb34c28f22e8b96e1ab97ce403110664 -> 
  custom:scripting/monoscript/fileName/ETFXButtonScript.cs: ed5b95a3380373270aaebfcd2475e74c -> 
========================================================================
Received Import Request.
  Time since last request: 70.847816 seconds.
  path: Assets/Source/Models/Vesell_Textile_2.fbx
  artifactKey: Guid(d73340a4e0149b44394f031a334e8c7e) Importer(815301076,1909f56bfc062723c751e8b465ee728b)
Start importing Assets/Source/Models/Vesell_Textile_2.fbx using Guid(d73340a4e0149b44394f031a334e8c7e) Importer(815301076,1909f56bfc062723c751e8b465ee728b) [PhysX] Initialized MultithreadedTaskDispatcher with 28 workers.
[PhysX] Initialized MultithreadedTaskDispatcher with 28 workers.
[PhysX] Initialized MultithreadedTaskDispatcher with 28 workers.
 -> (artifact id: '24a66dd2002fb83073ad395bc5f5a76f') in 0.131640 seconds
Number of updated asset objects reloaded before import = 0
Number of asset objects unloaded after import = 7
========================================================================
Received Import Request.
  Time since last request: 4.185235 seconds.
  path: Assets/Source/Models/WizardPolyArt/Textures/GreenPolyArtTex.png
  artifactKey: Guid(b6b0aa51c742aea4cb1d21a3c9f8d8b3) Importer(815301076,1909f56bfc062723c751e8b465ee728b)
Start importing Assets/Source/Models/WizardPolyArt/Textures/GreenPolyArtTex.png using Guid(b6b0aa51c742aea4cb1d21a3c9f8d8b3) Importer(815301076,1909f56bfc062723c751e8b465ee728b) [PhysX] Initialized MultithreadedTaskDispatcher with 28 workers.
[PhysX] Initialized MultithreadedTaskDispatcher with 28 workers.
 -> (artifact id: '4ab58ed85274dabd9ecd9ef63d80cb85') in 0.037866 seconds
Number of updated asset objects reloaded before import = 0
Number of asset objects unloaded after import = 2
========================================================================
Received Import Request.
  Time since last request: 0.000022 seconds.
  path: Assets/Source/Models/WizardPolyArt/Textures/YellowPolyArtTex.png
  artifactKey: Guid(14eb7dee62162354d99cea845b6e19a2) Importer(815301076,1909f56bfc062723c751e8b465ee728b)
Start importing Assets/Source/Models/WizardPolyArt/Textures/YellowPolyArtTex.png using Guid(14eb7dee62162354d99cea845b6e19a2) Importer(815301076,1909f56bfc062723c751e8b465ee728b) [PhysX] Initialized MultithreadedTaskDispatcher with 28 workers.
[PhysX] Initialized MultithreadedTaskDispatcher with 28 workers.
 -> (artifact id: '4a857f6811a759bbedffab6e5018e2a0') in 0.081857 seconds
Number of updated asset objects reloaded before import = 0
Number of asset objects unloaded after import = 2
========================================================================
Received Import Request.
  Time since last request: 1.287349 seconds.
  path: Assets/Source/Models/WizardPolyArt/Prefabs/PolyArtWizardStandardMat.prefab
  artifactKey: Guid(ccd8c3b89aa02e943a08ab9238a8a70c) Importer(815301076,1909f56bfc062723c751e8b465ee728b)
Start importing Assets/Source/Models/WizardPolyArt/Prefabs/PolyArtWizardStandardMat.prefab using Guid(ccd8c3b89aa02e943a08ab9238a8a70c) Importer(815301076,1909f56bfc062723c751e8b465ee728b) [PhysX] Initialized MultithreadedTaskDispatcher with 28 workers.
[PhysX] Initialized MultithreadedTaskDispatcher with 28 workers.
Asset 'WizardAnimControl': Transition 'Attack04 -> Idle01' in state 'Attack04' doesn't have an Exit Time or any condition, transition will be ignored
UnityEngine.StackTraceUtility:ExtractStackTrace ()
UnityEditor.EditorUtility:Internal_InstantiateRemoveAllNonAnimationComponentsSingle (UnityEngine.Object,UnityEngine.Vector3,UnityEngine.Quaternion)
UnityEditor.EditorUtility:InstantiateRemoveAllNonAnimationComponents (UnityEngine.Object,UnityEngine.Vector3,UnityEngine.Quaternion)
UnityEditor.EditorUtility:InstantiateForAnimatorPreview (UnityEngine.Object)
UnityEditor.GameObjectInspector/PreviewData:UpdateGameObject (UnityEngine.Object)
UnityEditor.GameObjectInspector/PreviewData:.ctor (UnityEngine.Object,bool)
UnityEditor.GameObjectInspector:GetPreviewData (bool)
UnityEditor.GameObjectInspector:RenderStaticPreview (string,UnityEngine.Object[],int,int)
UnityEditor.AssetPreviewUpdater:CreatePreview (UnityEngine.Object,UnityEngine.Object[],string,int,int)
UnityEditor.AssetPreviewUpdater:CreatePreviewForAsset (UnityEngine.Object,UnityEngine.Object[],string)

[C:\build\output\unity\unity\Editor\Src\Animation\StateMachine.cpp line 1861]

 -> (artifact id: 'bcf23310b297cbda92a2107d5a703dd7') in 0.113928 seconds
Number of updated asset objects reloaded before import = 0
Number of asset objects unloaded after import = 168
========================================================================
Received Import Request.
  Time since last request: 0.000021 seconds.
  path: Assets/Source/Models/WizardPolyArt/Prefabs/Staff02Polyart.prefab
  artifactKey: Guid(e55280988a6fa1843a32025141146c2a) Importer(815301076,1909f56bfc062723c751e8b465ee728b)
Start importing Assets/Source/Models/WizardPolyArt/Prefabs/Staff02Polyart.prefab using Guid(e55280988a6fa1843a32025141146c2a) Importer(815301076,1909f56bfc062723c751e8b465ee728b) [PhysX] Initialized MultithreadedTaskDispatcher with 28 workers.
[PhysX] Initialized MultithreadedTaskDispatcher with 28 workers.
 -> (artifact id: '60649e725f1cc944a772df07d8c236d2') in 0.021157 seconds
Number of updated asset objects reloaded before import = 0
Number of asset objects unloaded after import = 9
========================================================================
Received Import Request.
  Time since last request: 0.000022 seconds.
  path: Assets/Source/Models/WizardPolyArt/Prefabs/Staff03PolyArt.prefab
  artifactKey: Guid(c413fed5af1bfe847af0ed883ee868db) Importer(815301076,1909f56bfc062723c751e8b465ee728b)
Start importing Assets/Source/Models/WizardPolyArt/Prefabs/Staff03PolyArt.prefab using Guid(c413fed5af1bfe847af0ed883ee868db) Importer(815301076,1909f56bfc062723c751e8b465ee728b) [PhysX] Initialized MultithreadedTaskDispatcher with 28 workers.
[PhysX] Initialized MultithreadedTaskDispatcher with 28 workers.
 -> (artifact id: '5c64702d9a803ff752b51054f7392d95') in 0.019953 seconds
Number of updated asset objects reloaded before import = 0
Number of asset objects unloaded after import = 9
========================================================================
Received Import Request.
  Time since last request: 0.000024 seconds.
  path: Assets/Source/Models/WizardPolyArt/Prefabs/Staff01PolyArt.prefab
  artifactKey: Guid(713f90f70ef14794bbdcabcb038f4ae7) Importer(815301076,1909f56bfc062723c751e8b465ee728b)
Start importing Assets/Source/Models/WizardPolyArt/Prefabs/Staff01PolyArt.prefab using Guid(713f90f70ef14794bbdcabcb038f4ae7) Importer(815301076,1909f56bfc062723c751e8b465ee728b) [PhysX] Initialized MultithreadedTaskDispatcher with 28 workers.
[PhysX] Initialized MultithreadedTaskDispatcher with 28 workers.
 -> (artifact id: 'b1157ed30efc5609a011ef23806cbd60') in 0.018555 seconds
Number of updated asset objects reloaded before import = 0
Number of asset objects unloaded after import = 9
========================================================================
Received Import Request.
  Time since last request: 7.771274 seconds.
  path: Assets/Source/Models/StylizedCharacter/Prefabs/Item/Weapon/Shield/Shield_Newbie_01_Gn.prefab
  artifactKey: Guid(fa40f58342ff4a39b1af7f2843d7209a) Importer(815301076,1909f56bfc062723c751e8b465ee728b)
Start importing Assets/Source/Models/StylizedCharacter/Prefabs/Item/Weapon/Shield/Shield_Newbie_01_Gn.prefab using Guid(fa40f58342ff4a39b1af7f2843d7209a) Importer(815301076,1909f56bfc062723c751e8b465ee728b) [PhysX] Initialized MultithreadedTaskDispatcher with 28 workers.
[PhysX] Initialized MultithreadedTaskDispatcher with 28 workers.
 -> (artifact id: '168fe1f9612a2f95234c657352a8e7c9') in 0.722051 seconds
Number of updated asset objects reloaded before import = 0
Number of asset objects unloaded after import = 21
========================================================================
Received Import Request.
  Time since last request: 0.000030 seconds.
  path: Assets/Source/Models/StylizedCharacter/Prefabs/Item/Weapon/Shield/Shield_Newbie_02_Cl.prefab
  artifactKey: Guid(61ed8b78d5fd4f949606d93735288135) Importer(815301076,1909f56bfc062723c751e8b465ee728b)
Start importing Assets/Source/Models/StylizedCharacter/Prefabs/Item/Weapon/Shield/Shield_Newbie_02_Cl.prefab using Guid(61ed8b78d5fd4f949606d93735288135) Importer(815301076,1909f56bfc062723c751e8b465ee728b) [PhysX] Initialized MultithreadedTaskDispatcher with 28 workers.
[PhysX] Initialized MultithreadedTaskDispatcher with 28 workers.
 -> (artifact id: 'd0bd50f4aa494e1e203fe7f4d5372b16') in 0.066027 seconds
Number of updated asset objects reloaded before import = 0
Number of asset objects unloaded after import = 21
========================================================================
Received Import Request.
  Time since last request: 0.000032 seconds.
  path: Assets/Source/Models/StylizedCharacter/Prefabs/Item/Weapon/Shield/Shield_Newbie_02_Bl.prefab
  artifactKey: Guid(796bc54281984aae8c39253aa53a523c) Importer(815301076,1909f56bfc062723c751e8b465ee728b)
Start importing Assets/Source/Models/StylizedCharacter/Prefabs/Item/Weapon/Shield/Shield_Newbie_02_Bl.prefab using Guid(796bc54281984aae8c39253aa53a523c) Importer(815301076,1909f56bfc062723c751e8b465ee728b) [PhysX] Initialized MultithreadedTaskDispatcher with 28 workers.
[PhysX] Initialized MultithreadedTaskDispatcher with 28 workers.
 -> (artifact id: '0fb9e748336acb2331e60a71326e10bb') in 0.027963 seconds
Number of updated asset objects reloaded before import = 0
Number of asset objects unloaded after import = 21
========================================================================
Received Import Request.
  Time since last request: 0.000021 seconds.
  path: Assets/Source/Models/StylizedCharacter/Prefabs/Item/Weapon/Shield/Shield_Newbie_02_Gn.prefab
  artifactKey: Guid(f92cdb6a1ccc4182afe3bf3ba1d1cf5a) Importer(815301076,1909f56bfc062723c751e8b465ee728b)
Start importing Assets/Source/Models/StylizedCharacter/Prefabs/Item/Weapon/Shield/Shield_Newbie_02_Gn.prefab using Guid(f92cdb6a1ccc4182afe3bf3ba1d1cf5a) Importer(815301076,1909f56bfc062723c751e8b465ee728b) [PhysX] Initialized MultithreadedTaskDispatcher with 28 workers.
[PhysX] Initialized MultithreadedTaskDispatcher with 28 workers.
 -> (artifact id: 'bc8d00d87129803ad4bce98d64bbec61') in 0.043417 seconds
Number of updated asset objects reloaded before import = 0
Number of asset objects unloaded after import = 21
========================================================================
Received Import Request.
  Time since last request: 1.336371 seconds.
  path: Assets/Source/Models/StylizedCharacter/Prefabs/Item/Weapon/Staff/Staff_Newbie_01_Gn.prefab
  artifactKey: Guid(11c15c955c2f45038651b8287eb6e0a5) Importer(815301076,1909f56bfc062723c751e8b465ee728b)
Start importing Assets/Source/Models/StylizedCharacter/Prefabs/Item/Weapon/Staff/Staff_Newbie_01_Gn.prefab using Guid(11c15c955c2f45038651b8287eb6e0a5) Importer(815301076,1909f56bfc062723c751e8b465ee728b) [PhysX] Initialized MultithreadedTaskDispatcher with 28 workers.
[PhysX] Initialized MultithreadedTaskDispatcher with 28 workers.
 -> (artifact id: 'c8e4d3e3e6d16f53c9a9cc4ce12ccdce') in 0.348131 seconds
Number of updated asset objects reloaded before import = 0
Number of asset objects unloaded after import = 21
========================================================================
Received Import Request.
  Time since last request: 0.000024 seconds.
  path: Assets/Source/Models/StylizedCharacter/Prefabs/Item/Weapon/Staff/Staff_Newbie_02_Cl.prefab
  artifactKey: Guid(475a06a82c5243d5a33390862fb213fe) Importer(815301076,1909f56bfc062723c751e8b465ee728b)
Start importing Assets/Source/Models/StylizedCharacter/Prefabs/Item/Weapon/Staff/Staff_Newbie_02_Cl.prefab using Guid(475a06a82c5243d5a33390862fb213fe) Importer(815301076,1909f56bfc062723c751e8b465ee728b) [PhysX] Initialized MultithreadedTaskDispatcher with 28 workers.
[PhysX] Initialized MultithreadedTaskDispatcher with 28 workers.
 -> (artifact id: 'a4b4719b5bfc7dd850b8411ec92e2b3b') in 0.066249 seconds
Number of updated asset objects reloaded before import = 0
Number of asset objects unloaded after import = 21
========================================================================
Received Import Request.
  Time since last request: 0.000037 seconds.
  path: Assets/Source/Models/StylizedCharacter/Prefabs/Item/Weapon/Staff/Staff_Newbie_02_Gn.prefab
  artifactKey: Guid(8a5c4c13770d452889d9cf3518b5bf5d) Importer(815301076,1909f56bfc062723c751e8b465ee728b)
Start importing Assets/Source/Models/StylizedCharacter/Prefabs/Item/Weapon/Staff/Staff_Newbie_02_Gn.prefab using Guid(8a5c4c13770d452889d9cf3518b5bf5d) Importer(815301076,1909f56bfc062723c751e8b465ee728b) [PhysX] Initialized MultithreadedTaskDispatcher with 28 workers.
[PhysX] Initialized MultithreadedTaskDispatcher with 28 workers.
 -> (artifact id: '7d81fd93d1f6e2dda4ebb51b476e43c2') in 0.026120 seconds
Number of updated asset objects reloaded before import = 0
Number of asset objects unloaded after import = 21
========================================================================
Received Import Request.
  Time since last request: 0.000021 seconds.
  path: Assets/Source/Models/StylizedCharacter/Prefabs/Item/Weapon/Staff/Staff_Newbie_02_Bl.prefab
  artifactKey: Guid(fed0b6cd92df411291a848602fa11aa4) Importer(815301076,1909f56bfc062723c751e8b465ee728b)
Start importing Assets/Source/Models/StylizedCharacter/Prefabs/Item/Weapon/Staff/Staff_Newbie_02_Bl.prefab using Guid(fed0b6cd92df411291a848602fa11aa4) Importer(815301076,1909f56bfc062723c751e8b465ee728b) [PhysX] Initialized MultithreadedTaskDispatcher with 28 workers.
[PhysX] Initialized MultithreadedTaskDispatcher with 28 workers.
 -> (artifact id: '459a18f4aa81ff352c04f6256c4d0923') in 0.028800 seconds
Number of updated asset objects reloaded before import = 0
Number of asset objects unloaded after import = 21
========================================================================
Received Import Request.
  Time since last request: 0.000023 seconds.
  path: Assets/Source/Models/StylizedCharacter/Prefabs/Item/Weapon/Staff/Staff_Newbie_03_Rd.prefab
  artifactKey: Guid(38e5f385de2b469c820a76b243c9ab14) Importer(815301076,1909f56bfc062723c751e8b465ee728b)
Start importing Assets/Source/Models/StylizedCharacter/Prefabs/Item/Weapon/Staff/Staff_Newbie_03_Rd.prefab using Guid(38e5f385de2b469c820a76b243c9ab14) Importer(815301076,1909f56bfc062723c751e8b465ee728b) [PhysX] Initialized MultithreadedTaskDispatcher with 28 workers.
[PhysX] Initialized MultithreadedTaskDispatcher with 28 workers.
 -> (artifact id: '6ed2c4ecd019ba8b930d5134463ea091') in 0.045425 seconds
Number of updated asset objects reloaded before import = 0
Number of asset objects unloaded after import = 21
========================================================================
Received Import Request.
  Time since last request: 0.008863 seconds.
  path: Assets/Source/Models/StylizedCharacter/Prefabs/Item/Weapon/Staff/Staff_Newbie_04_Cl.prefab
  artifactKey: Guid(e3f87f88a5ea4845b58ccca9d0f0256e) Importer(815301076,1909f56bfc062723c751e8b465ee728b)
Start importing Assets/Source/Models/StylizedCharacter/Prefabs/Item/Weapon/Staff/Staff_Newbie_04_Cl.prefab using Guid(e3f87f88a5ea4845b58ccca9d0f0256e) Importer(815301076,1909f56bfc062723c751e8b465ee728b) [PhysX] Initialized MultithreadedTaskDispatcher with 28 workers.
[PhysX] Initialized MultithreadedTaskDispatcher with 28 workers.
 -> (artifact id: '303852134b77adf4640edb1ee7539501') in 0.054261 seconds
Number of updated asset objects reloaded before import = 0
Number of asset objects unloaded after import = 21
========================================================================
Received Import Request.
  Time since last request: 0.011290 seconds.
  path: Assets/Source/Models/StylizedCharacter/Prefabs/Item/Weapon/Staff/Staff_Newbie_04_Rd.prefab
  artifactKey: Guid(0b9fd383b2994246b77d4b9138b46089) Importer(815301076,1909f56bfc062723c751e8b465ee728b)
Start importing Assets/Source/Models/StylizedCharacter/Prefabs/Item/Weapon/Staff/Staff_Newbie_04_Rd.prefab using Guid(0b9fd383b2994246b77d4b9138b46089) Importer(815301076,1909f56bfc062723c751e8b465ee728b) [PhysX] Initialized MultithreadedTaskDispatcher with 28 workers.
[PhysX] Initialized MultithreadedTaskDispatcher with 28 workers.
 -> (artifact id: '4f2749a88e0299b543732419b6ffe5fd') in 0.029557 seconds
Number of updated asset objects reloaded before import = 0
Number of asset objects unloaded after import = 21
========================================================================
Received Import Request.
  Time since last request: 1.352433 seconds.
  path: Assets/Source/Models/StylizedCharacter/Prefabs/Item/Weapon/Sword/Sword_1H_Newbie_01_Gn.prefab
  artifactKey: Guid(1729ade6fb454e469112cddd952eb4d5) Importer(815301076,1909f56bfc062723c751e8b465ee728b)
Start importing Assets/Source/Models/StylizedCharacter/Prefabs/Item/Weapon/Sword/Sword_1H_Newbie_01_Gn.prefab using Guid(1729ade6fb454e469112cddd952eb4d5) Importer(815301076,1909f56bfc062723c751e8b465ee728b) [PhysX] Initialized MultithreadedTaskDispatcher with 28 workers.
[PhysX] Initialized MultithreadedTaskDispatcher with 28 workers.
 -> (artifact id: '2be820830b0ad0b79abe3a01bceb0525') in 0.300969 seconds
Number of updated asset objects reloaded before import = 0
Number of asset objects unloaded after import = 21
========================================================================
Received Import Request.
  Time since last request: 0.000024 seconds.
  path: Assets/Source/Models/StylizedCharacter/Prefabs/Item/Weapon/Sword/Sword_1H_Newbie_02_Gn.prefab
  artifactKey: Guid(88cec0369c50415cb076df04758c84c3) Importer(815301076,1909f56bfc062723c751e8b465ee728b)
Start importing Assets/Source/Models/StylizedCharacter/Prefabs/Item/Weapon/Sword/Sword_1H_Newbie_02_Gn.prefab using Guid(88cec0369c50415cb076df04758c84c3) Importer(815301076,1909f56bfc062723c751e8b465ee728b) [PhysX] Initialized MultithreadedTaskDispatcher with 28 workers.
[PhysX] Initialized MultithreadedTaskDispatcher with 28 workers.
 -> (artifact id: 'ce4bc2810df764aaa57bfff2f4684578') in 0.047968 seconds
Number of updated asset objects reloaded before import = 0
Number of asset objects unloaded after import = 21
========================================================================
Received Import Request.
  Time since last request: 0.000035 seconds.
  path: Assets/Source/Models/StylizedCharacter/Prefabs/Item/Weapon/Sword/Sword_2H_Newbie_01_Bl.prefab
  artifactKey: Guid(5ef587d2a5994e17879f656f97e1f121) Importer(815301076,1909f56bfc062723c751e8b465ee728b)
Start importing Assets/Source/Models/StylizedCharacter/Prefabs/Item/Weapon/Sword/Sword_2H_Newbie_01_Bl.prefab using Guid(5ef587d2a5994e17879f656f97e1f121) Importer(815301076,1909f56bfc062723c751e8b465ee728b) [PhysX] Initialized MultithreadedTaskDispatcher with 28 workers.
[PhysX] Initialized MultithreadedTaskDispatcher with 28 workers.
 -> (artifact id: 'cd76eeab308818e82605b4676ca9cac3') in 0.099410 seconds
Number of updated asset objects reloaded before import = 0
Number of asset objects unloaded after import = 21
========================================================================
Received Import Request.
  Time since last request: 0.000023 seconds.
  path: Assets/Source/Models/StylizedCharacter/Prefabs/Item/Weapon/Sword/Sword_2H_Newbie_01_Gn.prefab
  artifactKey: Guid(98a73bede438467fa979fac7b32add25) Importer(815301076,1909f56bfc062723c751e8b465ee728b)
Start importing Assets/Source/Models/StylizedCharacter/Prefabs/Item/Weapon/Sword/Sword_2H_Newbie_01_Gn.prefab using Guid(98a73bede438467fa979fac7b32add25) Importer(815301076,1909f56bfc062723c751e8b465ee728b) [PhysX] Initialized MultithreadedTaskDispatcher with 28 workers.
[PhysX] Initialized MultithreadedTaskDispatcher with 28 workers.
 -> (artifact id: '41cf33cd34d6a1905e115fc3f13e6bb6') in 0.028906 seconds
Number of updated asset objects reloaded before import = 0
Number of asset objects unloaded after import = 21
========================================================================
Received Import Request.
  Time since last request: 0.044035 seconds.
  path: Assets/Source/Models/StylizedCharacter/Prefabs/Item/Weapon/Sword/Sword_2H_Newbie_02_Gn.prefab
  artifactKey: Guid(391857ae097d4727823eeb4be6b5d13e) Importer(815301076,1909f56bfc062723c751e8b465ee728b)
Start importing Assets/Source/Models/StylizedCharacter/Prefabs/Item/Weapon/Sword/Sword_2H_Newbie_02_Gn.prefab using Guid(391857ae097d4727823eeb4be6b5d13e) Importer(815301076,1909f56bfc062723c751e8b465ee728b) [PhysX] Initialized MultithreadedTaskDispatcher with 28 workers.
[PhysX] Initialized MultithreadedTaskDispatcher with 28 workers.
 -> (artifact id: '12a9d6f9f095b0f2d91d8594ecbdba8b') in 0.028448 seconds
Number of updated asset objects reloaded before import = 0
Number of asset objects unloaded after import = 21
========================================================================
Received Import Request.
  Time since last request: 1.300210 seconds.
  path: Assets/Source/Models/StylizedCharacter/Prefabs/Item/Weapon/Dagger/Dagger_1H_Newbie_01_Gn.prefab
  artifactKey: Guid(6893219963c5491d99a91b845edf509f) Importer(815301076,1909f56bfc062723c751e8b465ee728b)
Start importing Assets/Source/Models/StylizedCharacter/Prefabs/Item/Weapon/Dagger/Dagger_1H_Newbie_01_Gn.prefab using Guid(6893219963c5491d99a91b845edf509f) Importer(815301076,1909f56bfc062723c751e8b465ee728b) [PhysX] Initialized MultithreadedTaskDispatcher with 28 workers.
[PhysX] Initialized MultithreadedTaskDispatcher with 28 workers.
 -> (artifact id: '079a4aba835ed3a744ac3e17400e9355') in 0.281809 seconds
Number of updated asset objects reloaded before import = 0
Number of asset objects unloaded after import = 21
========================================================================
Received Import Request.
  Time since last request: 0.000027 seconds.
  path: Assets/Source/Models/StylizedCharacter/Prefabs/Item/Weapon/Dagger/Dagger_1H_Newbie_02_Rd.prefab
  artifactKey: Guid(bc4f2df04fd441959f3e8f9cc21c9c8b) Importer(815301076,1909f56bfc062723c751e8b465ee728b)
Start importing Assets/Source/Models/StylizedCharacter/Prefabs/Item/Weapon/Dagger/Dagger_1H_Newbie_02_Rd.prefab using Guid(bc4f2df04fd441959f3e8f9cc21c9c8b) Importer(815301076,1909f56bfc062723c751e8b465ee728b) [PhysX] Initialized MultithreadedTaskDispatcher with 28 workers.
[PhysX] Initialized MultithreadedTaskDispatcher with 28 workers.
 -> (artifact id: '25cc285ef1f95dc2c832588ba79e181e') in 0.090851 seconds
Number of updated asset objects reloaded before import = 0
Number of asset objects unloaded after import = 21
========================================================================
Received Import Request.
  Time since last request: 0.000033 seconds.
  path: Assets/Source/Models/StylizedCharacter/Prefabs/Item/Weapon/Dagger/Dagger_1H_Newbie_03_Rd.prefab
  artifactKey: Guid(f6d70f8a352c49ad8b1d9c051b58ab3f) Importer(815301076,1909f56bfc062723c751e8b465ee728b)
Start importing Assets/Source/Models/StylizedCharacter/Prefabs/Item/Weapon/Dagger/Dagger_1H_Newbie_03_Rd.prefab using Guid(f6d70f8a352c49ad8b1d9c051b58ab3f) Importer(815301076,1909f56bfc062723c751e8b465ee728b) [PhysX] Initialized MultithreadedTaskDispatcher with 28 workers.
[PhysX] Initialized MultithreadedTaskDispatcher with 28 workers.
 -> (artifact id: 'dc19a7c2f4f54521b8671436fddfa045') in 0.026449 seconds
Number of updated asset objects reloaded before import = 0
Number of asset objects unloaded after import = 21
========================================================================
Received Import Request.
  Time since last request: 0.000022 seconds.
  path: Assets/Source/Models/StylizedCharacter/Prefabs/Item/Weapon/Dagger/Dagger_1H_Newbie_01_Rd.prefab
  artifactKey: Guid(d5addc7530774377ba4da251bd411ff7) Importer(815301076,1909f56bfc062723c751e8b465ee728b)
Start importing Assets/Source/Models/StylizedCharacter/Prefabs/Item/Weapon/Dagger/Dagger_1H_Newbie_01_Rd.prefab using Guid(d5addc7530774377ba4da251bd411ff7) Importer(815301076,1909f56bfc062723c751e8b465ee728b) [PhysX] Initialized MultithreadedTaskDispatcher with 28 workers.
[PhysX] Initialized MultithreadedTaskDispatcher with 28 workers.
 -> (artifact id: 'b65e7f52b8a4f8ee44c1fc7ed9085924') in 0.041091 seconds
Number of updated asset objects reloaded before import = 0
Number of asset objects unloaded after import = 21
========================================================================
Received Import Request.
  Time since last request: 1.274314 seconds.
  path: Assets/Source/Models/StylizedCharacter/Prefabs/Item/Weapon/Bow/Bow_Newbie_01_Gn.prefab
  artifactKey: Guid(788f66a1c43240439b93074d0320de67) Importer(815301076,1909f56bfc062723c751e8b465ee728b)
Start importing Assets/Source/Models/StylizedCharacter/Prefabs/Item/Weapon/Bow/Bow_Newbie_01_Gn.prefab using Guid(788f66a1c43240439b93074d0320de67) Importer(815301076,1909f56bfc062723c751e8b465ee728b) [PhysX] Initialized MultithreadedTaskDispatcher with 28 workers.
[PhysX] Initialized MultithreadedTaskDispatcher with 28 workers.
 -> (artifact id: '307a4869fc4b7ea4f3d0ea4f60b0fe08') in 0.583520 seconds
Number of updated asset objects reloaded before import = 0
Number of asset objects unloaded after import = 37
========================================================================
Received Import Request.
  Time since last request: 0.000033 seconds.
  path: Assets/Source/Models/StylizedCharacter/Prefabs/Item/Weapon/Bow/Bow_Newbie_02_Bl.prefab
  artifactKey: Guid(5dff0094b20f46228ea74778011624c2) Importer(815301076,1909f56bfc062723c751e8b465ee728b)
Start importing Assets/Source/Models/StylizedCharacter/Prefabs/Item/Weapon/Bow/Bow_Newbie_02_Bl.prefab using Guid(5dff0094b20f46228ea74778011624c2) Importer(815301076,1909f56bfc062723c751e8b465ee728b) [PhysX] Initialized MultithreadedTaskDispatcher with 28 workers.
[PhysX] Initialized MultithreadedTaskDispatcher with 28 workers.
 -> (artifact id: '0a6e775674833c1c9789941e958607ad') in 0.170477 seconds
Number of updated asset objects reloaded before import = 0
Number of asset objects unloaded after import = 37
========================================================================
Received Import Request.
  Time since last request: 0.000038 seconds.
  path: Assets/Source/Models/StylizedCharacter/Prefabs/Item/Weapon/Bow/Bow_Newbie_02_Cl.prefab
  artifactKey: Guid(b7a5e33c994c4ab884786ab320136406) Importer(815301076,1909f56bfc062723c751e8b465ee728b)
Start importing Assets/Source/Models/StylizedCharacter/Prefabs/Item/Weapon/Bow/Bow_Newbie_02_Cl.prefab using Guid(b7a5e33c994c4ab884786ab320136406) Importer(815301076,1909f56bfc062723c751e8b465ee728b) [PhysX] Initialized MultithreadedTaskDispatcher with 28 workers.
[PhysX] Initialized MultithreadedTaskDispatcher with 28 workers.
 -> (artifact id: '05030b0cbd75c59ff3ae603b904d0017') in 0.042868 seconds
Number of updated asset objects reloaded before import = 0
Number of asset objects unloaded after import = 37
========================================================================
Received Import Request.
  Time since last request: 0.000029 seconds.
  path: Assets/Source/Models/StylizedCharacter/Prefabs/Item/Weapon/Bow/Bow_Newbie_03_Gn.prefab
  artifactKey: Guid(cdc3c5820b774b689e7dc53e8e12d660) Importer(815301076,1909f56bfc062723c751e8b465ee728b)
Start importing Assets/Source/Models/StylizedCharacter/Prefabs/Item/Weapon/Bow/Bow_Newbie_03_Gn.prefab using Guid(cdc3c5820b774b689e7dc53e8e12d660) Importer(815301076,1909f56bfc062723c751e8b465ee728b) [PhysX] Initialized MultithreadedTaskDispatcher with 28 workers.
[PhysX] Initialized MultithreadedTaskDispatcher with 28 workers.
 -> (artifact id: 'd94ccc7d9b2203c3076308c5ed799423') in 0.046727 seconds
Number of updated asset objects reloaded before import = 0
Number of asset objects unloaded after import = 37
========================================================================
Received Import Request.
  Time since last request: 26.440582 seconds.
  path: Assets/Source/Models/Multistory Dungeons 2/Prefabs/Props/Treasure_Chest_01.prefab
  artifactKey: Guid(8ae5714440a54f42a374a1787987d54f) Importer(815301076,1909f56bfc062723c751e8b465ee728b)
Start importing Assets/Source/Models/Multistory Dungeons 2/Prefabs/Props/Treasure_Chest_01.prefab using Guid(8ae5714440a54f42a374a1787987d54f) Importer(815301076,1909f56bfc062723c751e8b465ee728b) [PhysX] Initialized MultithreadedTaskDispatcher with 28 workers.
[PhysX] Initialized MultithreadedTaskDispatcher with 28 workers.
 -> (artifact id: 'c3789794ca1436e32a039b26395e872a') in 0.278068 seconds
Number of updated asset objects reloaded before import = 0
Number of asset objects unloaded after import = 17
========================================================================
Received Import Request.
  Time since last request: 10.184048 seconds.
  path: Assets/Source/Models/LowPolyDungeonsLite/Prefabs/Column_01.prefab
  artifactKey: Guid(2f3f7d4927009b84583c02fcbc509217) Importer(815301076,1909f56bfc062723c751e8b465ee728b)
Start importing Assets/Source/Models/LowPolyDungeonsLite/Prefabs/Column_01.prefab using Guid(2f3f7d4927009b84583c02fcbc509217) Importer(815301076,1909f56bfc062723c751e8b465ee728b) [PhysX] Initialized MultithreadedTaskDispatcher with 28 workers.
[PhysX] Initialized MultithreadedTaskDispatcher with 28 workers.
 -> (artifact id: '26cb5c0248d785569c6709548550302f') in 0.022008 seconds
Number of updated asset objects reloaded before import = 0
Number of asset objects unloaded after import = 10
========================================================================
Received Import Request.
  Time since last request: 0.313689 seconds.
  path: Assets/Source/Models/LowPolyDungeonsLite/Prefabs/Wood_02.prefab
  artifactKey: Guid(5062c1312f2beb14694d90a058d444e4) Importer(815301076,1909f56bfc062723c751e8b465ee728b)
Start importing Assets/Source/Models/LowPolyDungeonsLite/Prefabs/Wood_02.prefab using Guid(5062c1312f2beb14694d90a058d444e4) Importer(815301076,1909f56bfc062723c751e8b465ee728b) [PhysX] Initialized MultithreadedTaskDispatcher with 28 workers.
[PhysX] Initialized MultithreadedTaskDispatcher with 28 workers.
 -> (artifact id: 'e6357f7668700f9bdefa71f97343433e') in 0.130509 seconds
Number of updated asset objects reloaded before import = 0
Number of asset objects unloaded after import = 10
========================================================================
Received Import Request.
  Time since last request: 3.877258 seconds.
  path: Assets/Source/Models/Gridness Studios/Elementary Dungeon Pack Lite/Prefabs/Chain_Metal.002.prefab
  artifactKey: Guid(53ac7ce056616094cb0866450490c02d) Importer(815301076,1909f56bfc062723c751e8b465ee728b)
Start importing Assets/Source/Models/Gridness Studios/Elementary Dungeon Pack Lite/Prefabs/Chain_Metal.002.prefab using Guid(53ac7ce056616094cb0866450490c02d) Importer(815301076,1909f56bfc062723c751e8b465ee728b) [PhysX] Initialized MultithreadedTaskDispatcher with 28 workers.
[PhysX] Initialized MultithreadedTaskDispatcher with 28 workers.
 -> (artifact id: '9073e3a9476e98f6f6f0cecc6febd1d8') in 0.114930 seconds
Number of updated asset objects reloaded before import = 0
Number of asset objects unloaded after import = 10
========================================================================
Received Import Request.
  Time since last request: 0.000028 seconds.
  path: Assets/Source/Models/Gridness Studios/Elementary Dungeon Pack Lite/Prefabs/Pot.prefab
  artifactKey: Guid(2908a19ef1a7b3a49bfc9a55bf645e69) Importer(815301076,1909f56bfc062723c751e8b465ee728b)
Start importing Assets/Source/Models/Gridness Studios/Elementary Dungeon Pack Lite/Prefabs/Pot.prefab using Guid(2908a19ef1a7b3a49bfc9a55bf645e69) Importer(815301076,1909f56bfc062723c751e8b465ee728b) [PhysX] Initialized MultithreadedTaskDispatcher with 28 workers.
[PhysX] Initialized MultithreadedTaskDispatcher with 28 workers.
 -> (artifact id: '7ec6b3f664e4c6449f165ae0a0df5093') in 0.029621 seconds
Number of updated asset objects reloaded before import = 0
Number of asset objects unloaded after import = 10
========================================================================
Received Import Request.
  Time since last request: 0.000031 seconds.
  path: Assets/Source/Models/Gridness Studios/Elementary Dungeon Pack Lite/Prefabs/SquareChest_Bottom.prefab
  artifactKey: Guid(566ca9ac4aee88e47906121eaa705eb1) Importer(815301076,1909f56bfc062723c751e8b465ee728b)
Start importing Assets/Source/Models/Gridness Studios/Elementary Dungeon Pack Lite/Prefabs/SquareChest_Bottom.prefab using Guid(566ca9ac4aee88e47906121eaa705eb1) Importer(815301076,1909f56bfc062723c751e8b465ee728b) [PhysX] Initialized MultithreadedTaskDispatcher with 28 workers.
[PhysX] Initialized MultithreadedTaskDispatcher with 28 workers.
 -> (artifact id: '3945019c71cb42ea9a721783f5d51ab3') in 0.023866 seconds
Number of updated asset objects reloaded before import = 0
Number of asset objects unloaded after import = 10
========================================================================
Received Import Request.
  Time since last request: 5.027266 seconds.
  path: Assets/Source/Models/GPVFX_POTIONS PACK/3D/POTIONS 3D_Materials/Corks.mat
  artifactKey: Guid(889555b0db7a64beab5ddb92360b470d) Importer(815301076,1909f56bfc062723c751e8b465ee728b)
Start importing Assets/Source/Models/GPVFX_POTIONS PACK/3D/POTIONS 3D_Materials/Corks.mat using Guid(889555b0db7a64beab5ddb92360b470d) Importer(815301076,1909f56bfc062723c751e8b465ee728b) [PhysX] Initialized MultithreadedTaskDispatcher with 28 workers.
[PhysX] Initialized MultithreadedTaskDispatcher with 28 workers.
 -> (artifact id: '7f322bff04cf1083e4c7edd0cbc83531') in 0.036816 seconds
Number of updated asset objects reloaded before import = 0
Number of asset objects unloaded after import = 1
========================================================================
Received Import Request.
  Time since last request: 0.000023 seconds.
  path: Assets/Source/Models/GPVFX_POTIONS PACK/3D/POTIONS 3D_Materials/Potion Glass.mat
  artifactKey: Guid(9d2126d0d8d484781bf9fe54b03fe18b) Importer(815301076,1909f56bfc062723c751e8b465ee728b)
Start importing Assets/Source/Models/GPVFX_POTIONS PACK/3D/POTIONS 3D_Materials/Potion Glass.mat using Guid(9d2126d0d8d484781bf9fe54b03fe18b) Importer(815301076,1909f56bfc062723c751e8b465ee728b) [PhysX] Initialized MultithreadedTaskDispatcher with 28 workers.
[PhysX] Initialized MultithreadedTaskDispatcher with 28 workers.
 -> (artifact id: '35573ca2ad5851abaa9be00c7353aaaf') in 0.034230 seconds
Number of updated asset objects reloaded before import = 0
Number of asset objects unloaded after import = 1
Editor requested this worker to shutdown with reason: Scaling down because of idle timeout
TcpMessagingSession - receive error: operation aborted. errorcode: 995, details: ќпераци€ ввода/вывода была прервана из-за завершени€ потока команд или по запросу приложени€.
AssetImportWorker is now disconnected from the server
Process exiting
Exiting without the bug reporter. Application will terminate with return code 0