Using pre-set license
Built from '2022.3/respin/2022.3.62f2-4af31df585-v2' branch; Version is '2022.3.62f2 (7670c08855a9) revision 7762112'; Using compiler version '192829333'; Build Type 'Release'
OS: 'Windows 10  (10.0.19045) 64bit Professional' Language: 'ru' Physical Memory: 32668 MB
BatchMode: 1, IsHumanControllingUs: 0, StartBugReporterOnCrash: 0, Is64bit: 1, IsPro: 1

COMMAND LINE ARGUMENTS:
C:\Program Files\Unity\Hub\Editor\2022.3.62f2\Editor\Unity.exe
-adb2
-batchMode
-noUpm
-name
AssetImportWorker10
-projectPath
F:/ST/Unity project/Pyitochnaya/Magic-Sorting
-logFile
Logs/AssetImportWorker10.log
-srvPort
63459
Successfully changed project path to: F:/ST/Unity project/Pyitochnaya/Magic-Sorting
F:/ST/Unity project/Pyitochnaya/Magic-Sorting
[UnityMemory] Configuration Parameters - Can be set up in boot.config
    "memorysetup-bucket-allocator-granularity=16"
    "memorysetup-bucket-allocator-bucket-count=8"
    "memorysetup-bucket-allocator-block-size=33554432"
    "memorysetup-bucket-allocator-block-count=8"
    "memorysetup-main-allocator-block-size=16777216"
    "memorysetup-thread-allocator-block-size=16777216"
    "memorysetup-gfx-main-allocator-block-size=16777216"
    "memorysetup-gfx-thread-allocator-block-size=16777216"
    "memorysetup-cache-allocator-block-size=4194304"
    "memorysetup-typetree-allocator-block-size=2097152"
    "memorysetup-profiler-bucket-allocator-granularity=16"
    "memorysetup-profiler-bucket-allocator-bucket-count=8"
    "memorysetup-profiler-bucket-allocator-block-size=33554432"
    "memorysetup-profiler-bucket-allocator-block-count=8"
    "memorysetup-profiler-allocator-block-size=16777216"
    "memorysetup-profiler-editor-allocator-block-size=1048576"
    "memorysetup-temp-allocator-size-main=16777216"
    "memorysetup-job-temp-allocator-block-size=2097152"
    "memorysetup-job-temp-allocator-block-size-background=1048576"
    "memorysetup-job-temp-allocator-reduction-small-platforms=262144"
    "memorysetup-allocator-temp-initial-block-size-main=262144"
    "memorysetup-allocator-temp-initial-block-size-worker=262144"
    "memorysetup-temp-allocator-size-background-worker=32768"
    "memorysetup-temp-allocator-size-job-worker=262144"
    "memorysetup-temp-allocator-size-preload-manager=33554432"
    "memorysetup-temp-allocator-size-nav-mesh-worker=65536"
    "memorysetup-temp-allocator-size-audio-worker=65536"
    "memorysetup-temp-allocator-size-cloud-worker=32768"
    "memorysetup-temp-allocator-size-gi-baking-worker=262144"
    "memorysetup-temp-allocator-size-gfx=262144"
Player connection [10328]  Target information:

Player connection [10328]  * "[IP] 26.0.158.205 [Port] 0 [Flags] 2 [Guid] 2384972236 [EditorId] 2384972236 [Version] 1048832 [Id] WindowsEditor(7,DESKTOP-MRAJI7N) [Debug] 1 [PackageName] WindowsEditor [ProjectName] Editor" 

Player connection [10328]  * "[IP] 192.168.3.26 [Port] 0 [Flags] 2 [Guid] 2384972236 [EditorId] 2384972236 [Version] 1048832 [Id] WindowsEditor(7,DESKTOP-MRAJI7N) [Debug] 1 [PackageName] WindowsEditor [ProjectName] Editor" 

Player connection [10328] Host joined multi-casting on [225.0.0.222:54997]...
Player connection [10328] Host joined alternative multi-casting on [225.0.0.222:34997]...
Input System module state changed to: Initialized.
[PhysX] Initialized MultithreadedTaskDispatcher with 28 workers.
Refreshing native plugins compatible for Editor in 31.60 ms, found 3 plugins.
Preloading 0 native plugins for Editor in 0.00 ms.
Initialize engine version: 2022.3.62f2 (7670c08855a9)
[Subsystems] Discovering subsystems at path C:/Program Files/Unity/Hub/Editor/2022.3.62f2/Editor/Data/Resources/UnitySubsystems
[Subsystems] Discovering subsystems at path F:/ST/Unity project/Pyitochnaya/Magic-Sorting/Assets
GfxDevice: creating device client; threaded=0; jobified=0
Direct3D:
    Version:  Direct3D 11.0 [level 11.1]
    Renderer: NVIDIA GeForce GTX 1660 SUPER (ID=0x21c4)
    Vendor:   NVIDIA
    VRAM:     5966 MB
    Driver:   32.0.15.7283
Initialize mono
Mono path[0] = 'C:/Program Files/Unity/Hub/Editor/2022.3.62f2/Editor/Data/Managed'
Mono path[1] = 'C:/Program Files/Unity/Hub/Editor/2022.3.62f2/Editor/Data/MonoBleedingEdge/lib/mono/unityjit-win32'
Mono config path = 'C:/Program Files/Unity/Hub/Editor/2022.3.62f2/Editor/Data/MonoBleedingEdge/etc'
Using monoOptions --debugger-agent=transport=dt_socket,embedding=1,server=y,suspend=n,address=127.0.0.1:56796
Begin MonoManager ReloadAssembly
Registering precompiled unity dll's ...
Register platform support module: C:/Program Files/Unity/Hub/Editor/2022.3.62f2/Editor/Data/PlaybackEngines/WebGLSupport/UnityEditor.WebGL.Extensions.dll
Register platform support module: C:/Program Files/Unity/Hub/Editor/2022.3.62f2/Editor/Data/PlaybackEngines/AndroidPlayer/UnityEditor.Android.Extensions.dll
Register platform support module: C:/Program Files/Unity/Hub/Editor/2022.3.62f2/Editor/Data/PlaybackEngines/WindowsStandaloneSupport/UnityEditor.WindowsStandalone.Extensions.dll
Register platform support module: C:/Program Files/Unity/Hub/Editor/2022.3.62f2/Editor/Data/PlaybackEngines/MetroSupport/UnityEditor.UWP.Extensions.dll
Registered in 0.020359 seconds.
- Loaded All Assemblies, in  0.542 seconds
Native extension for UWP target not found
Native extension for WindowsStandalone target not found
Native extension for Android target not found
Android Extension - Scanning For ADB Devices 315 ms
Native extension for WebGL target not found
Mono: successfully reloaded assembly
- Finished resetting the current domain, in  0.729 seconds
Domain Reload Profiling: 1269ms
	BeginReloadAssembly (157ms)
		ExecutionOrderSort (0ms)
		DisableScriptedObjects (0ms)
		BackupInstance (0ms)
		ReleaseScriptingObjects (0ms)
		CreateAndSetChildDomain (1ms)
	RebuildCommonClasses (55ms)
	RebuildNativeTypeToScriptingClass (18ms)
	initialDomainReloadingComplete (96ms)
	LoadAllAssembliesAndSetupDomain (214ms)
		LoadAssemblies (156ms)
		RebuildTransferFunctionScriptingTraits (0ms)
		AnalyzeDomain (210ms)
			TypeCache.Refresh (208ms)
				TypeCache.ScanAssembly (189ms)
			ScanForSourceGeneratedMonoScriptInfo (1ms)
			ResolveRequiredComponents (1ms)
	FinalizeReload (729ms)
		ReleaseScriptCaches (0ms)
		RebuildScriptCaches (0ms)
		SetupLoadedEditorAssemblies (664ms)
			LogAssemblyErrors (0ms)
			InitializePlatformSupportModulesInManaged (431ms)
			SetLoadedEditorAssemblies (6ms)
			RefreshPlugins (0ms)
			BeforeProcessingInitializeOnLoad (3ms)
			ProcessInitializeOnLoadAttributes (163ms)
			ProcessInitializeOnLoadMethodAttributes (60ms)
			AfterProcessingInitializeOnLoad (0ms)
			EditorAssembliesLoaded (0ms)
		ExecutionOrderSort2 (0ms)
		AwakeInstancesAfterBackupRestoration (0ms)
========================================================================
Worker process is ready to serve import requests
Caller must complete domain reload
Begin MonoManager ReloadAssembly
- Loaded All Assemblies, in  1.295 seconds
Native extension for UWP target not found
Native extension for WindowsStandalone target not found
Native extension for Android target not found
Native extension for WebGL target not found
Asset Pipeline Refresh (id=e9f3c4bfaadd0564cbeaead00c93c3af): Total: 0.000 seconds - Initiated by StopAssetImportingV2(NoUpdateAssetOptions)
[ScriptCompilation] NOT recompiling all scripts because this is an import worker process. Reason to compile was: Define symbols changed
Mono: successfully reloaded assembly
Package Manager log level set to [2]
[Package Manager] Server::EnsureServerProcessIsRunning -- launch failed, reason: Unity was launched with the -noUpm command-line argument
[Package Manager] UpmClient::Send -- Unable to send message (not connected to UPM process).
[Package Manager] Cannot connect to Unity Package Manager local server
[Package Manager] Server::EnsureServerProcessIsRunning -- launch failed, reason: Unity was launched with the -noUpm command-line argument
[Package Manager] UpmClient::Send -- Unable to send message (not connected to UPM process).
[Package Manager] Cannot connect to Unity Package Manager local server
- Finished resetting the current domain, in  1.193 seconds
Domain Reload Profiling: 2485ms
	BeginReloadAssembly (213ms)
		ExecutionOrderSort (0ms)
		DisableScriptedObjects (8ms)
		BackupInstance (0ms)
		ReleaseScriptingObjects (0ms)
		CreateAndSetChildDomain (32ms)
	RebuildCommonClasses (53ms)
	RebuildNativeTypeToScriptingClass (17ms)
	initialDomainReloadingComplete (64ms)
	LoadAllAssembliesAndSetupDomain (944ms)
		LoadAssemblies (569ms)
		RebuildTransferFunctionScriptingTraits (0ms)
		AnalyzeDomain (499ms)
			TypeCache.Refresh (419ms)
				TypeCache.ScanAssembly (388ms)
			ScanForSourceGeneratedMonoScriptInfo (52ms)
			ResolveRequiredComponents (25ms)
	FinalizeReload (1194ms)
		ReleaseScriptCaches (0ms)
		RebuildScriptCaches (0ms)
		SetupLoadedEditorAssemblies (909ms)
			LogAssemblyErrors (0ms)
			InitializePlatformSupportModulesInManaged (32ms)
			SetLoadedEditorAssemblies (6ms)
			RefreshPlugins (0ms)
			BeforeProcessingInitializeOnLoad (140ms)
			ProcessInitializeOnLoadAttributes (615ms)
			ProcessInitializeOnLoadMethodAttributes (105ms)
			AfterProcessingInitializeOnLoad (12ms)
			EditorAssembliesLoaded (0ms)
		ExecutionOrderSort2 (0ms)
		AwakeInstancesAfterBackupRestoration (9ms)
WARNING: Shader Unsupported: 'Hidden/Universal Render Pipeline/Terrain/Lit (Base Pass)' - All subshaders removed
WARNING: Shader Did you use #pragma only_renderers and omit this platform?
WARNING: Shader If subshaders removal was intentional, you may have forgotten turning Fallback off?
WARNING: Shader Unsupported: 'Hidden/Universal Render Pipeline/Terrain/Lit (Base Pass)' - All subshaders removed
WARNING: Shader Did you use #pragma only_renderers and omit this platform?
WARNING: Shader If subshaders removal was intentional, you may have forgotten turning Fallback off?
WARNING: Shader Unsupported: 'Universal Render Pipeline/Terrain/Lit' - All subshaders removed
WARNING: Shader Did you use #pragma only_renderers and omit this platform?
WARNING: Shader If subshaders removal was intentional, you may have forgotten turning Fallback off?
WARNING: Shader Unsupported: 'Universal Render Pipeline/Terrain/Lit' - All subshaders removed
WARNING: Shader Did you use #pragma only_renderers and omit this platform?
WARNING: Shader If subshaders removal was intentional, you may have forgotten turning Fallback off?
Launched and connected shader compiler UnityShaderCompiler.exe after 0.05 seconds
Refreshing native plugins compatible for Editor in 17.78 ms, found 3 plugins.
Preloading 0 native plugins for Editor in 0.00 ms.
Unloading 7097 Unused Serialized files (Serialized files now loaded: 0)
Unloading 63 unused Assets / (3.3 MB). Loaded Objects now: 7543.
Memory consumption went from 262.2 MB to 258.9 MB.
Total: 8.159700 ms (FindLiveObjects: 0.636100 ms CreateObjectMapping: 0.431100 ms MarkObjects: 6.202500 ms  DeleteObjects: 0.888800 ms)

AssetImportParameters requested are different than current active one (requested -> active):
  custom:container-demuxer-ogg: 62fdf1f143b41e24485cea50d1cbac27 -> 
  custom:framework-win-MediaFoundation: 216162199b28c13a410421893ffa2e32 -> 
  custom:scripting/monoscript/fileName/CFXR_ParticleTextFontAsset.cs: 2c0f5b39375fdb3ffea33678dba0f2b1 -> 997a733798b2c803fc88cc92695e7ca4
  custom:scripting/monoscript/fileName/CFXR_MaterialInspector.cs: 0c5bfea224b575e2646313fc42f2e08d -> 85a99159289e64398275fbc6500bb9a8
  custom:scripting/monoscript/fileName/ETFXMouseOrbit.cs: 654fedd2040686dffcba3ab26348e73a -> 
  custom:scripting/monoscript/fileName/CFXR_Effect.CameraShake.cs: a53f96815da50de15010b1c479bc70cf -> 0cdf409b5aa8d4c25876d72b5c6a3b60
  custom:scripting/monoscript/fileName/CFXR_EmissionBySurface.cs: ace1fbedccc09febe364c5088d60b3b3 -> 6294a85dd8a1718740abd2427d3ed0fe
  custom:scripting/monoscript/fileName/ETFXSceneManager.cs: 9146f3552534435a5b54b9657a6eaacd -> 
  custom:scripting/monoscript/fileName/CFXR_ExpressionParser.cs: f9b5276a4e540080f15d5067545c3777 -> 215820334dc899aa183f0061c3ffd288
  custom:container-muxer-webm: aa71ff27fc2769a1b78a27578f13a17b -> 
  custom:video-decoder-webm-vp8: 9c59270c3fd7afecdb556c50c9e8de78 -> 
  custom:SearchIndexIgnoredProperties: e643bd26f0fe6173181afceb89e7c659 -> 
  custom:scripting/monoscript/fileName/CFXR_ParticleText.cs: 954edc24969e7d36de6c6a079a85cb98 -> 3f1f97f09f1dd1cf194149bcb9712660
  custom:AudioImporter_EditorPlatform: d09bf68614088b80899f8185d706f6e7 -> 
  custom:scripting/monoscript/fileName/UICanvasManager.cs: ad5d5df5b0e004a8bd01e6144db352c4 -> 
  custom:audio-decoder-ogg-vorbis: bf7c407c2cedff20999df2af8eb42d56 -> 
  custom:scripting/monoscript/fileName/ETFXFireProjectile.cs: 848ec65e1ca5a78b8976353fa3b86db5 -> 
  custom:scripting/monoscript/fileName/CFXR_ShaderPostProcessor.cs: 8c6e989bfa7de8931452a3b2acaa3404 -> eee4c4410265e19bfd8b3e2c4c5b2a2d
  custom:audio-encoder-webm-vorbis: bf7c407c2cedff20999df2af8eb42d56 -> 
  custom:scripting/monoscript/fileName/ParticleEffectsLibrary.cs: 3a37ad8c45f2dea0089853c8f2c9d55f -> 
  custom:scripting/monoscript/fileName/ETFXLoopScript.cs: d5bc634ada6d0fb61f6dc312af0d35d8 -> 
  custom:scripting/monoscript/fileName/CFXR_Styles.cs: 0757069e7af3ba4444d0d25cf7f1aee1 -> 14132385ef0a62dc85f08de4f5687ece
  custom:video-decoder-ogg-theora: a1e56fd34408186e4bbccfd4996cb3dc -> 
  custom:scripting/monoscript/fileName/ETFXTarget.cs: c04ff8e5450f1152d1f50a47046a7522 -> 
  custom:scripting/monoscript/fileName/CFXR_ShaderImporter.cs: a566cd0f556f35f05719aac10415b17c -> f0ef3fb7c5ca7b4517f50c44917fac9e
  custom:scripting/monoscript/fileName/PEButtonScript.cs: bf6c80445f44505babe53d9f3e6c71a8 -> 
  custom:CustomObjectIndexerAttribute: 3ead1caaecf1c488f20bcfeb224b6af5 -> 
  custom:container-demuxer-webm: 4f35f7cbe854078d1ac9338744f61a02 -> 
  custom:scripting/monoscript/fileName/ETFXProjectileScript.cs: 91e6ec5b2311ff6de4abc8636a61f0dc -> 
  custom:video-encoder-webm-vp8: eb34c28f22e8b96e1ab97ce403110664 -> 
  custom:scripting/monoscript/fileName/ETFXButtonScript.cs: ed5b95a3380373270aaebfcd2475e74c -> 
========================================================================
Received Import Request.
  Time since last request: 154237.856566 seconds.
  path: Assets/Source/Models/StylizedCharacter/Prefabs/Item/Weapon/Shield/Shield_Newbie_01_Cl.prefab
  artifactKey: Guid(bd1251b69242479cb8cfb3c44f397e83) Importer(815301076,1909f56bfc062723c751e8b465ee728b)
Start importing Assets/Source/Models/StylizedCharacter/Prefabs/Item/Weapon/Shield/Shield_Newbie_01_Cl.prefab using Guid(bd1251b69242479cb8cfb3c44f397e83) Importer(815301076,1909f56bfc062723c751e8b465ee728b) [PhysX] Initialized MultithreadedTaskDispatcher with 28 workers.
[PhysX] Initialized MultithreadedTaskDispatcher with 28 workers.
 -> (artifact id: '335a5bf767ba46fa2c077b4b3853a3cd') in 0.747118 seconds
Number of updated asset objects reloaded before import = 0
Number of asset objects unloaded after import = 21
========================================================================
Received Import Request.
  Time since last request: 0.000025 seconds.
  path: Assets/Source/Models/StylizedCharacter/Prefabs/Item/Weapon/Shield/Shield_Newbie_03_Bl.prefab
  artifactKey: Guid(bf705f93142a4f4faf0cddce38b32daf) Importer(815301076,1909f56bfc062723c751e8b465ee728b)
Start importing Assets/Source/Models/StylizedCharacter/Prefabs/Item/Weapon/Shield/Shield_Newbie_03_Bl.prefab using Guid(bf705f93142a4f4faf0cddce38b32daf) Importer(815301076,1909f56bfc062723c751e8b465ee728b) [PhysX] Initialized MultithreadedTaskDispatcher with 28 workers.
[PhysX] Initialized MultithreadedTaskDispatcher with 28 workers.
 -> (artifact id: 'baba5d0da90bea8f8f324a10f28ba857') in 0.056301 seconds
Number of updated asset objects reloaded before import = 0
Number of asset objects unloaded after import = 21
========================================================================
Received Import Request.
  Time since last request: 0.000034 seconds.
  path: Assets/Source/Models/StylizedCharacter/Prefabs/Item/Weapon/Shield/Shield_Newbie_01_Rd.prefab
  artifactKey: Guid(e8a9d635126a44db9bb81f0a4a3f8294) Importer(815301076,1909f56bfc062723c751e8b465ee728b)
Start importing Assets/Source/Models/StylizedCharacter/Prefabs/Item/Weapon/Shield/Shield_Newbie_01_Rd.prefab using Guid(e8a9d635126a44db9bb81f0a4a3f8294) Importer(815301076,1909f56bfc062723c751e8b465ee728b) [PhysX] Initialized MultithreadedTaskDispatcher with 28 workers.
[PhysX] Initialized MultithreadedTaskDispatcher with 28 workers.
 -> (artifact id: '2e9fc5ecce5c8dc040c0741245b045de') in 0.027880 seconds
Number of updated asset objects reloaded before import = 0
Number of asset objects unloaded after import = 21
========================================================================
Received Import Request.
  Time since last request: 0.000022 seconds.
  path: Assets/Source/Models/StylizedCharacter/Prefabs/Item/Weapon/Shield/Shield_Newbie_02_Rd.prefab
  artifactKey: Guid(2e7f53a638af46639fef36f29ad36568) Importer(815301076,1909f56bfc062723c751e8b465ee728b)
Start importing Assets/Source/Models/StylizedCharacter/Prefabs/Item/Weapon/Shield/Shield_Newbie_02_Rd.prefab using Guid(2e7f53a638af46639fef36f29ad36568) Importer(815301076,1909f56bfc062723c751e8b465ee728b) [PhysX] Initialized MultithreadedTaskDispatcher with 28 workers.
[PhysX] Initialized MultithreadedTaskDispatcher with 28 workers.
 -> (artifact id: 'd2dfb67cdd405308ae80eacf12215f9d') in 0.032029 seconds
Number of updated asset objects reloaded before import = 0
Number of asset objects unloaded after import = 21
========================================================================
Received Import Request.
  Time since last request: 0.000026 seconds.
  path: Assets/Source/Models/StylizedCharacter/Prefabs/Item/Weapon/Shield/Shield_Newbie_03_Cl.prefab
  artifactKey: Guid(798eefa6c3e0483d9b6a077d4b985e80) Importer(815301076,1909f56bfc062723c751e8b465ee728b)
Start importing Assets/Source/Models/StylizedCharacter/Prefabs/Item/Weapon/Shield/Shield_Newbie_03_Cl.prefab using Guid(798eefa6c3e0483d9b6a077d4b985e80) Importer(815301076,1909f56bfc062723c751e8b465ee728b) [PhysX] Initialized MultithreadedTaskDispatcher with 28 workers.
[PhysX] Initialized MultithreadedTaskDispatcher with 28 workers.
 -> (artifact id: '8852dc22fbbaf953160da3b000366408') in 0.026417 seconds
Number of updated asset objects reloaded before import = 0
Number of asset objects unloaded after import = 21
========================================================================
Received Import Request.
  Time since last request: 1.264954 seconds.
  path: Assets/Source/Models/StylizedCharacter/Prefabs/Item/Weapon/Staff/Staff_Newbie_01_Cl.prefab
  artifactKey: Guid(ed01324c49534753964b3b44c755e3de) Importer(815301076,1909f56bfc062723c751e8b465ee728b)
Start importing Assets/Source/Models/StylizedCharacter/Prefabs/Item/Weapon/Staff/Staff_Newbie_01_Cl.prefab using Guid(ed01324c49534753964b3b44c755e3de) Importer(815301076,1909f56bfc062723c751e8b465ee728b) [PhysX] Initialized MultithreadedTaskDispatcher with 28 workers.
[PhysX] Initialized MultithreadedTaskDispatcher with 28 workers.
 -> (artifact id: '96470fd4e8a17a411a9f73f354a9c3e7') in 0.385976 seconds
Number of updated asset objects reloaded before import = 0
Number of asset objects unloaded after import = 21
========================================================================
Received Import Request.
  Time since last request: 0.000024 seconds.
  path: Assets/Source/Models/StylizedCharacter/Prefabs/Item/Weapon/Staff/Staff_Newbie_03_Bl.prefab
  artifactKey: Guid(0ccdf35210324e889e643137b4f7d85e) Importer(815301076,1909f56bfc062723c751e8b465ee728b)
Start importing Assets/Source/Models/StylizedCharacter/Prefabs/Item/Weapon/Staff/Staff_Newbie_03_Bl.prefab using Guid(0ccdf35210324e889e643137b4f7d85e) Importer(815301076,1909f56bfc062723c751e8b465ee728b) [PhysX] Initialized MultithreadedTaskDispatcher with 28 workers.
[PhysX] Initialized MultithreadedTaskDispatcher with 28 workers.
 -> (artifact id: '7d5929df00868f57376dcc55a23f9306') in 0.061464 seconds
Number of updated asset objects reloaded before import = 0
Number of asset objects unloaded after import = 21
========================================================================
Received Import Request.
  Time since last request: 0.000034 seconds.
  path: Assets/Source/Models/StylizedCharacter/Prefabs/Item/Weapon/Staff/Staff_Newbie_01_Rd.prefab
  artifactKey: Guid(92dfe781829c44469645de50e481a54a) Importer(815301076,1909f56bfc062723c751e8b465ee728b)
Start importing Assets/Source/Models/StylizedCharacter/Prefabs/Item/Weapon/Staff/Staff_Newbie_01_Rd.prefab using Guid(92dfe781829c44469645de50e481a54a) Importer(815301076,1909f56bfc062723c751e8b465ee728b) [PhysX] Initialized MultithreadedTaskDispatcher with 28 workers.
[PhysX] Initialized MultithreadedTaskDispatcher with 28 workers.
 -> (artifact id: '5c4a792ba57b36e28320e924035c5d37') in 0.128186 seconds
Number of updated asset objects reloaded before import = 0
Number of asset objects unloaded after import = 21
========================================================================
Received Import Request.
  Time since last request: 0.000028 seconds.
  path: Assets/Source/Models/StylizedCharacter/Prefabs/Item/Weapon/Staff/Staff_Newbie_02_Rd.prefab
  artifactKey: Guid(4b78a8a0aeff4441afa877debbc1c320) Importer(815301076,1909f56bfc062723c751e8b465ee728b)
Start importing Assets/Source/Models/StylizedCharacter/Prefabs/Item/Weapon/Staff/Staff_Newbie_02_Rd.prefab using Guid(4b78a8a0aeff4441afa877debbc1c320) Importer(815301076,1909f56bfc062723c751e8b465ee728b) [PhysX] Initialized MultithreadedTaskDispatcher with 28 workers.
[PhysX] Initialized MultithreadedTaskDispatcher with 28 workers.
 -> (artifact id: '9f52ae131f18522aabd991342754623f') in 0.088303 seconds
Number of updated asset objects reloaded before import = 0
Number of asset objects unloaded after import = 21
========================================================================
Received Import Request.
  Time since last request: 1.382344 seconds.
  path: Assets/Source/Models/StylizedCharacter/Prefabs/Item/Weapon/Sword/Sword_1H_Newbie_01_Cl.prefab
  artifactKey: Guid(e8d1f50829e54a39b15f8894546c4d8f) Importer(815301076,1909f56bfc062723c751e8b465ee728b)
Start importing Assets/Source/Models/StylizedCharacter/Prefabs/Item/Weapon/Sword/Sword_1H_Newbie_01_Cl.prefab using Guid(e8d1f50829e54a39b15f8894546c4d8f) Importer(815301076,1909f56bfc062723c751e8b465ee728b) [PhysX] Initialized MultithreadedTaskDispatcher with 28 workers.
[PhysX] Initialized MultithreadedTaskDispatcher with 28 workers.
 -> (artifact id: 'f4c2f9bdc20121872934cc545eae530d') in 0.311332 seconds
Number of updated asset objects reloaded before import = 0
Number of asset objects unloaded after import = 21
========================================================================
Received Import Request.
  Time since last request: 0.000026 seconds.
  path: Assets/Source/Models/StylizedCharacter/Prefabs/Item/Weapon/Sword/Sword_1H_Newbie_02_Cl.prefab
  artifactKey: Guid(4cd1f31adbb94133affb19e431e56fb2) Importer(815301076,1909f56bfc062723c751e8b465ee728b)
Start importing Assets/Source/Models/StylizedCharacter/Prefabs/Item/Weapon/Sword/Sword_1H_Newbie_02_Cl.prefab using Guid(4cd1f31adbb94133affb19e431e56fb2) Importer(815301076,1909f56bfc062723c751e8b465ee728b) [PhysX] Initialized MultithreadedTaskDispatcher with 28 workers.
[PhysX] Initialized MultithreadedTaskDispatcher with 28 workers.
 -> (artifact id: 'bc432fd256a94f93cd609298cc016a7a') in 0.048283 seconds
Number of updated asset objects reloaded before import = 0
Number of asset objects unloaded after import = 21
========================================================================
Received Import Request.
  Time since last request: 0.000029 seconds.
  path: Assets/Source/Models/StylizedCharacter/Prefabs/Item/Weapon/Sword/Sword_1H_Newbie_02_Rd.prefab
  artifactKey: Guid(e75917fdc40e47768cb8e83e81666606) Importer(815301076,1909f56bfc062723c751e8b465ee728b)
Start importing Assets/Source/Models/StylizedCharacter/Prefabs/Item/Weapon/Sword/Sword_1H_Newbie_02_Rd.prefab using Guid(e75917fdc40e47768cb8e83e81666606) Importer(815301076,1909f56bfc062723c751e8b465ee728b) [PhysX] Initialized MultithreadedTaskDispatcher with 28 workers.
[PhysX] Initialized MultithreadedTaskDispatcher with 28 workers.
 -> (artifact id: '2f9195a626c5787503ea22a962f5d9ce') in 0.056789 seconds
Number of updated asset objects reloaded before import = 0
Number of asset objects unloaded after import = 21
========================================================================
Received Import Request.
  Time since last request: 0.000023 seconds.
  path: Assets/Source/Models/StylizedCharacter/Prefabs/Item/Weapon/Sword/Sword_2H_Newbie_01_Cl.prefab
  artifactKey: Guid(b1ea114d88db4eb4b48426252d7692e1) Importer(815301076,1909f56bfc062723c751e8b465ee728b)
Start importing Assets/Source/Models/StylizedCharacter/Prefabs/Item/Weapon/Sword/Sword_2H_Newbie_01_Cl.prefab using Guid(b1ea114d88db4eb4b48426252d7692e1) Importer(815301076,1909f56bfc062723c751e8b465ee728b) [PhysX] Initialized MultithreadedTaskDispatcher with 28 workers.
[PhysX] Initialized MultithreadedTaskDispatcher with 28 workers.
 -> (artifact id: '2f757259b8fcd1e83f81517931f55cf1') in 0.039929 seconds
Number of updated asset objects reloaded before import = 0
Number of asset objects unloaded after import = 21
========================================================================
Received Import Request.
  Time since last request: 0.024501 seconds.
  path: Assets/Source/Models/StylizedCharacter/Prefabs/Item/Weapon/Sword/Sword_2H_Newbie_02_Bl.prefab
  artifactKey: Guid(84c939194b04458aae7e78e8d0adc5cf) Importer(815301076,1909f56bfc062723c751e8b465ee728b)
Start importing Assets/Source/Models/StylizedCharacter/Prefabs/Item/Weapon/Sword/Sword_2H_Newbie_02_Bl.prefab using Guid(84c939194b04458aae7e78e8d0adc5cf) Importer(815301076,1909f56bfc062723c751e8b465ee728b) [PhysX] Initialized MultithreadedTaskDispatcher with 28 workers.
[PhysX] Initialized MultithreadedTaskDispatcher with 28 workers.
 -> (artifact id: 'b06b62add315edbcbe4d803623e3c8bf') in 0.054286 seconds
Number of updated asset objects reloaded before import = 0
Number of asset objects unloaded after import = 21
========================================================================
Received Import Request.
  Time since last request: 0.005147 seconds.
  path: Assets/Source/Models/StylizedCharacter/Prefabs/Item/Weapon/Sword/Sword_2H_Newbie_02_Rd.prefab
  artifactKey: Guid(648e2fcaf11f47ef8f8122c3b123067c) Importer(815301076,1909f56bfc062723c751e8b465ee728b)
Start importing Assets/Source/Models/StylizedCharacter/Prefabs/Item/Weapon/Sword/Sword_2H_Newbie_02_Rd.prefab using Guid(648e2fcaf11f47ef8f8122c3b123067c) Importer(815301076,1909f56bfc062723c751e8b465ee728b) [PhysX] Initialized MultithreadedTaskDispatcher with 28 workers.
[PhysX] Initialized MultithreadedTaskDispatcher with 28 workers.
 -> (artifact id: '65d193dbcb4f76dc7862ce1ec7aa558f') in 0.031191 seconds
Number of updated asset objects reloaded before import = 0
Number of asset objects unloaded after import = 21
========================================================================
Received Import Request.
  Time since last request: 1.251753 seconds.
  path: Assets/Source/Models/StylizedCharacter/Prefabs/Item/Weapon/Dagger/Dagger_1H_Newbie_01_Cl.prefab
  artifactKey: Guid(fed8023824f047b6979fa63dbacf5248) Importer(815301076,1909f56bfc062723c751e8b465ee728b)
Start importing Assets/Source/Models/StylizedCharacter/Prefabs/Item/Weapon/Dagger/Dagger_1H_Newbie_01_Cl.prefab using Guid(fed8023824f047b6979fa63dbacf5248) Importer(815301076,1909f56bfc062723c751e8b465ee728b) [PhysX] Initialized MultithreadedTaskDispatcher with 28 workers.
[PhysX] Initialized MultithreadedTaskDispatcher with 28 workers.
 -> (artifact id: 'e2521d0563c5dbf9d217dd15e6cf9e41') in 0.271677 seconds
Number of updated asset objects reloaded before import = 0
Number of asset objects unloaded after import = 21
========================================================================
Received Import Request.
  Time since last request: 0.000024 seconds.
  path: Assets/Source/Models/StylizedCharacter/Prefabs/Item/Weapon/Dagger/Dagger_1H_Newbie_02_Gn.prefab
  artifactKey: Guid(5dba7b4d7c774cb6bcdcd04d07ff4034) Importer(815301076,1909f56bfc062723c751e8b465ee728b)
Start importing Assets/Source/Models/StylizedCharacter/Prefabs/Item/Weapon/Dagger/Dagger_1H_Newbie_02_Gn.prefab using Guid(5dba7b4d7c774cb6bcdcd04d07ff4034) Importer(815301076,1909f56bfc062723c751e8b465ee728b) [PhysX] Initialized MultithreadedTaskDispatcher with 28 workers.
[PhysX] Initialized MultithreadedTaskDispatcher with 28 workers.
 -> (artifact id: '8e12795777a4839a8c6b87f411895c6d') in 0.056950 seconds
Number of updated asset objects reloaded before import = 0
Number of asset objects unloaded after import = 21
========================================================================
Received Import Request.
  Time since last request: 0.000032 seconds.
  path: Assets/Source/Models/StylizedCharacter/Prefabs/Item/Weapon/Dagger/Dagger_1H_Newbie_03_Gn.prefab
  artifactKey: Guid(8461dc91a93d423cbc48606a06639166) Importer(815301076,1909f56bfc062723c751e8b465ee728b)
Start importing Assets/Source/Models/StylizedCharacter/Prefabs/Item/Weapon/Dagger/Dagger_1H_Newbie_03_Gn.prefab using Guid(8461dc91a93d423cbc48606a06639166) Importer(815301076,1909f56bfc062723c751e8b465ee728b) [PhysX] Initialized MultithreadedTaskDispatcher with 28 workers.
[PhysX] Initialized MultithreadedTaskDispatcher with 28 workers.
 -> (artifact id: 'e76aa161e8ffca00eb6fc09ef6e2d997') in 0.094436 seconds
Number of updated asset objects reloaded before import = 0
Number of asset objects unloaded after import = 21
========================================================================
Received Import Request.
  Time since last request: 0.000020 seconds.
  path: Assets/Source/Models/StylizedCharacter/Prefabs/Item/Weapon/Dagger/Dagger_1H_Newbie_02_Bl.prefab
  artifactKey: Guid(a11ab623359b4e2ca7add80314bb73e5) Importer(815301076,1909f56bfc062723c751e8b465ee728b)
Start importing Assets/Source/Models/StylizedCharacter/Prefabs/Item/Weapon/Dagger/Dagger_1H_Newbie_02_Bl.prefab using Guid(a11ab623359b4e2ca7add80314bb73e5) Importer(815301076,1909f56bfc062723c751e8b465ee728b) [PhysX] Initialized MultithreadedTaskDispatcher with 28 workers.
[PhysX] Initialized MultithreadedTaskDispatcher with 28 workers.
 -> (artifact id: 'e46f37f175e30bb4da4515c6345999af') in 0.046422 seconds
Number of updated asset objects reloaded before import = 0
Number of asset objects unloaded after import = 21
========================================================================
Received Import Request.
  Time since last request: 1.263625 seconds.
  path: Assets/Source/Models/StylizedCharacter/Prefabs/Item/Weapon/Bow/Bow_Newbie_01_Cl.prefab
  artifactKey: Guid(8a6e0fd9184f4a78b27e92ef5ef5bbe1) Importer(815301076,1909f56bfc062723c751e8b465ee728b)
Start importing Assets/Source/Models/StylizedCharacter/Prefabs/Item/Weapon/Bow/Bow_Newbie_01_Cl.prefab using Guid(8a6e0fd9184f4a78b27e92ef5ef5bbe1) Importer(815301076,1909f56bfc062723c751e8b465ee728b) [PhysX] Initialized MultithreadedTaskDispatcher with 28 workers.
[PhysX] Initialized MultithreadedTaskDispatcher with 28 workers.
 -> (artifact id: '58613f6eabcdc41b44d7e72ceeaead9e') in 0.594562 seconds
Number of updated asset objects reloaded before import = 0
Number of asset objects unloaded after import = 37
========================================================================
Received Import Request.
  Time since last request: 0.000037 seconds.
  path: Assets/Source/Models/StylizedCharacter/Prefabs/Item/Weapon/Bow/Bow_Newbie_03_Bl.prefab
  artifactKey: Guid(2dfa6db4054146ee9d6a0d37b1f790eb) Importer(815301076,1909f56bfc062723c751e8b465ee728b)
Start importing Assets/Source/Models/StylizedCharacter/Prefabs/Item/Weapon/Bow/Bow_Newbie_03_Bl.prefab using Guid(2dfa6db4054146ee9d6a0d37b1f790eb) Importer(815301076,1909f56bfc062723c751e8b465ee728b) [PhysX] Initialized MultithreadedTaskDispatcher with 28 workers.
[PhysX] Initialized MultithreadedTaskDispatcher with 28 workers.
 -> (artifact id: '94d4513eb52706a8d269bd879363b8e9') in 0.291524 seconds
Number of updated asset objects reloaded before import = 0
Number of asset objects unloaded after import = 37
========================================================================
Received Import Request.
  Time since last request: 0.000045 seconds.
  path: Assets/Source/Models/StylizedCharacter/Prefabs/Item/Weapon/Bow/Bow_Newbie_03_Rd.prefab
  artifactKey: Guid(f7364d4663a34aa79fc145ad1ab2de38) Importer(815301076,1909f56bfc062723c751e8b465ee728b)
Start importing Assets/Source/Models/StylizedCharacter/Prefabs/Item/Weapon/Bow/Bow_Newbie_03_Rd.prefab using Guid(f7364d4663a34aa79fc145ad1ab2de38) Importer(815301076,1909f56bfc062723c751e8b465ee728b) [PhysX] Initialized MultithreadedTaskDispatcher with 28 workers.
[PhysX] Initialized MultithreadedTaskDispatcher with 28 workers.
 -> (artifact id: '86941380adc66a357c6691d588b5cb1b') in 0.044058 seconds
Number of updated asset objects reloaded before import = 0
Number of asset objects unloaded after import = 37
========================================================================
Received Import Request.
  Time since last request: 25.421990 seconds.
  path: Assets/Source/Models/Multistory Dungeons 2/Prefabs/Props/Barrels_Preset_02.prefab
  artifactKey: Guid(c0ec564d1f2148c99703100107fde91c) Importer(815301076,1909f56bfc062723c751e8b465ee728b)
Start importing Assets/Source/Models/Multistory Dungeons 2/Prefabs/Props/Barrels_Preset_02.prefab using Guid(c0ec564d1f2148c99703100107fde91c) Importer(815301076,1909f56bfc062723c751e8b465ee728b) [PhysX] Initialized MultithreadedTaskDispatcher with 28 workers.
[PhysX] Initialized MultithreadedTaskDispatcher with 28 workers.
 -> (artifact id: 'bef84127367e0c8140f57f3ba8cc9390') in 0.189336 seconds
Number of updated asset objects reloaded before import = 0
Number of asset objects unloaded after import = 13
========================================================================
Received Import Request.
  Time since last request: 0.196794 seconds.
  path: Assets/Source/Models/Multistory Dungeons 2/Prefabs/Props/Candle_04.prefab
  artifactKey: Guid(1960faf6eb584ed791bfca46bf40ecf4) Importer(815301076,1909f56bfc062723c751e8b465ee728b)
Start importing Assets/Source/Models/Multistory Dungeons 2/Prefabs/Props/Candle_04.prefab using Guid(1960faf6eb584ed791bfca46bf40ecf4) Importer(815301076,1909f56bfc062723c751e8b465ee728b) [PhysX] Initialized MultithreadedTaskDispatcher with 28 workers.
[PhysX] Initialized MultithreadedTaskDispatcher with 28 workers.
 -> (artifact id: '09236301ece74cb508b6c675e77e2116') in 0.045434 seconds
Number of updated asset objects reloaded before import = 0
Number of asset objects unloaded after import = 20
========================================================================
Received Import Request.
  Time since last request: 0.070426 seconds.
  path: Assets/Source/Models/Multistory Dungeons 2/Prefabs/Props/Candles_05.prefab
  artifactKey: Guid(9787aadb1e7e4d40967ab15f624bffc9) Importer(815301076,1909f56bfc062723c751e8b465ee728b)
Start importing Assets/Source/Models/Multistory Dungeons 2/Prefabs/Props/Candles_05.prefab using Guid(9787aadb1e7e4d40967ab15f624bffc9) Importer(815301076,1909f56bfc062723c751e8b465ee728b) [PhysX] Initialized MultithreadedTaskDispatcher with 28 workers.
[PhysX] Initialized MultithreadedTaskDispatcher with 28 workers.
 -> (artifact id: '3698cfa05c48a716073caf114b388e61') in 0.039297 seconds
Number of updated asset objects reloaded before import = 0
Number of asset objects unloaded after import = 21
========================================================================
Received Import Request.
  Time since last request: 0.179207 seconds.
  path: Assets/Source/Models/Multistory Dungeons 2/Prefabs/Props/Jugs_Preset_01.prefab
  artifactKey: Guid(3c48fffcc1564b28b55bbdf60e5b9a8d) Importer(815301076,1909f56bfc062723c751e8b465ee728b)
Start importing Assets/Source/Models/Multistory Dungeons 2/Prefabs/Props/Jugs_Preset_01.prefab using Guid(3c48fffcc1564b28b55bbdf60e5b9a8d) Importer(815301076,1909f56bfc062723c751e8b465ee728b) [PhysX] Initialized MultithreadedTaskDispatcher with 28 workers.
[PhysX] Initialized MultithreadedTaskDispatcher with 28 workers.
 -> (artifact id: '5854cea830472407c70a4007c4f16310') in 0.067187 seconds
Number of updated asset objects reloaded before import = 0
Number of asset objects unloaded after import = 13
========================================================================
Received Import Request.
  Time since last request: 0.082616 seconds.
  path: Assets/Source/Models/Multistory Dungeons 2/Prefabs/Props/Torch_01.prefab
  artifactKey: Guid(c35b4f7b6db0440a8b9972af1d27adea) Importer(815301076,1909f56bfc062723c751e8b465ee728b)
Start importing Assets/Source/Models/Multistory Dungeons 2/Prefabs/Props/Torch_01.prefab using Guid(c35b4f7b6db0440a8b9972af1d27adea) Importer(815301076,1909f56bfc062723c751e8b465ee728b) [PhysX] Initialized MultithreadedTaskDispatcher with 28 workers.
[PhysX] Initialized MultithreadedTaskDispatcher with 28 workers.
 -> (artifact id: 'd54b178268469f5814255206b13bbec7') in 0.100026 seconds
Number of updated asset objects reloaded before import = 0
Number of asset objects unloaded after import = 25
========================================================================
Received Import Request.
  Time since last request: 10.385809 seconds.
  path: Assets/Source/Models/LowPolyDungeonsLite/Prefabs/Candle_01.prefab
  artifactKey: Guid(c79d59d66358e0f45a098f4b8a82f8be) Importer(815301076,1909f56bfc062723c751e8b465ee728b)
Start importing Assets/Source/Models/LowPolyDungeonsLite/Prefabs/Candle_01.prefab using Guid(c79d59d66358e0f45a098f4b8a82f8be) Importer(815301076,1909f56bfc062723c751e8b465ee728b) [PhysX] Initialized MultithreadedTaskDispatcher with 28 workers.
[PhysX] Initialized MultithreadedTaskDispatcher with 28 workers.
 -> (artifact id: 'd4ffe042f71b90167e4ce49eca5ac711') in 0.040475 seconds
Number of updated asset objects reloaded before import = 0
Number of asset objects unloaded after import = 10
========================================================================
Received Import Request.
  Time since last request: 0.118979 seconds.
  path: Assets/Source/Models/LowPolyDungeonsLite/Prefabs/Particles_Dust.prefab
  artifactKey: Guid(ce9b38f12fedb194d8b4177a9d4a66d7) Importer(815301076,1909f56bfc062723c751e8b465ee728b)
Start importing Assets/Source/Models/LowPolyDungeonsLite/Prefabs/Particles_Dust.prefab using Guid(ce9b38f12fedb194d8b4177a9d4a66d7) Importer(815301076,1909f56bfc062723c751e8b465ee728b) [PhysX] Initialized MultithreadedTaskDispatcher with 28 workers.
[PhysX] Initialized MultithreadedTaskDispatcher with 28 workers.
 -> (artifact id: 'd177bd117fb4552f9ce83cf0d183f20a') in 0.069163 seconds
Number of updated asset objects reloaded before import = 0
Number of asset objects unloaded after import = 6
========================================================================
Received Import Request.
  Time since last request: 0.054439 seconds.
  path: Assets/Source/Models/LowPolyDungeonsLite/Prefabs/Wall_27.prefab
  artifactKey: Guid(2f6c4572e07a60b43b00e1c4f489a806) Importer(815301076,1909f56bfc062723c751e8b465ee728b)
Start importing Assets/Source/Models/LowPolyDungeonsLite/Prefabs/Wall_27.prefab using Guid(2f6c4572e07a60b43b00e1c4f489a806) Importer(815301076,1909f56bfc062723c751e8b465ee728b) [PhysX] Initialized MultithreadedTaskDispatcher with 28 workers.
[PhysX] Initialized MultithreadedTaskDispatcher with 28 workers.
 -> (artifact id: '180cd9a832c360c52184a28a1b127a29') in 0.108318 seconds
Number of updated asset objects reloaded before import = 0
Number of asset objects unloaded after import = 10
========================================================================
Received Import Request.
  Time since last request: 3.928134 seconds.
  path: Assets/Source/Models/Gridness Studios/Elementary Dungeon Pack Lite/Prefabs/Ceiling_SquareLarge.prefab
  artifactKey: Guid(9f2ed2ef64d0a59419c4791d6ddda859) Importer(815301076,1909f56bfc062723c751e8b465ee728b)
Start importing Assets/Source/Models/Gridness Studios/Elementary Dungeon Pack Lite/Prefabs/Ceiling_SquareLarge.prefab using Guid(9f2ed2ef64d0a59419c4791d6ddda859) Importer(815301076,1909f56bfc062723c751e8b465ee728b) [PhysX] Initialized MultithreadedTaskDispatcher with 28 workers.
[PhysX] Initialized MultithreadedTaskDispatcher with 28 workers.
 -> (artifact id: '760d81071a45aa85d66591c155cbf67e') in 0.093362 seconds
Number of updated asset objects reloaded before import = 0
Number of asset objects unloaded after import = 10
========================================================================
Received Import Request.
  Time since last request: 0.000021 seconds.
  path: Assets/Source/Models/Gridness Studios/Elementary Dungeon Pack Lite/Prefabs/Flag.004.prefab
  artifactKey: Guid(83b081522f15df64cb4f8b5416eccdec) Importer(815301076,1909f56bfc062723c751e8b465ee728b)
Start importing Assets/Source/Models/Gridness Studios/Elementary Dungeon Pack Lite/Prefabs/Flag.004.prefab using Guid(83b081522f15df64cb4f8b5416eccdec) Importer(815301076,1909f56bfc062723c751e8b465ee728b) [PhysX] Initialized MultithreadedTaskDispatcher with 28 workers.
[PhysX] Initialized MultithreadedTaskDispatcher with 28 workers.
 -> (artifact id: '14fbcf2c524d1e2c1ec1843c6bf9d5a0') in 0.071771 seconds
Number of updated asset objects reloaded before import = 0
Number of asset objects unloaded after import = 149
========================================================================
Received Import Request.
  Time since last request: 0.000029 seconds.
  path: Assets/Source/Models/Gridness Studios/Elementary Dungeon Pack Lite/Prefabs/SquareChest_Top.prefab
  artifactKey: Guid(73a39b99cf32dc347850aa44b49a56c3) Importer(815301076,1909f56bfc062723c751e8b465ee728b)
Start importing Assets/Source/Models/Gridness Studios/Elementary Dungeon Pack Lite/Prefabs/SquareChest_Top.prefab using Guid(73a39b99cf32dc347850aa44b49a56c3) Importer(815301076,1909f56bfc062723c751e8b465ee728b) [PhysX] Initialized MultithreadedTaskDispatcher with 28 workers.
[PhysX] Initialized MultithreadedTaskDispatcher with 28 workers.
 -> (artifact id: 'a753229950700f68267b681011374987') in 0.021905 seconds
Number of updated asset objects reloaded before import = 0
Number of asset objects unloaded after import = 10
========================================================================
Received Import Request.
  Time since last request: 0.000254 seconds.
  path: Assets/Source/Models/Gridness Studios/Elementary Dungeon Pack Lite/Prefabs/Table.003.prefab
  artifactKey: Guid(c533c10f37d12c941bf5dfea26e26cac) Importer(815301076,1909f56bfc062723c751e8b465ee728b)
Start importing Assets/Source/Models/Gridness Studios/Elementary Dungeon Pack Lite/Prefabs/Table.003.prefab using Guid(c533c10f37d12c941bf5dfea26e26cac) Importer(815301076,1909f56bfc062723c751e8b465ee728b) [PhysX] Initialized MultithreadedTaskDispatcher with 28 workers.
[PhysX] Initialized MultithreadedTaskDispatcher with 28 workers.
 -> (artifact id: '14a9273de921dd993d906fcc315b3d51') in 0.021267 seconds
Number of updated asset objects reloaded before import = 0
Number of asset objects unloaded after import = 10
========================================================================
Received Import Request.
  Time since last request: 5.003548 seconds.
  path: Assets/Source/Models/GPVFX_POTIONS PACK/3D/POTIONS 3D_Materials/3d Potion D_Fill.mat
  artifactKey: Guid(edf176e77514c40e683150a038a10cc7) Importer(815301076,1909f56bfc062723c751e8b465ee728b)
Start importing Assets/Source/Models/GPVFX_POTIONS PACK/3D/POTIONS 3D_Materials/3d Potion D_Fill.mat using Guid(edf176e77514c40e683150a038a10cc7) Importer(815301076,1909f56bfc062723c751e8b465ee728b) [PhysX] Initialized MultithreadedTaskDispatcher with 28 workers.
[PhysX] Initialized MultithreadedTaskDispatcher with 28 workers.
 -> (artifact id: '22e78a9f24101207bb87142014174696') in 0.358808 seconds
Number of updated asset objects reloaded before import = 0
Number of asset objects unloaded after import = 1
========================================================================
Received Import Request.
  Time since last request: 1.166812 seconds.
  path: Assets/Source/Models/GPVFX_POTIONS PACK/3D/POTIONS_Default/GPVFX_POTION E.obj
  artifactKey: Guid(ce93ea910d1da401981ca97860369446) Importer(815301076,1909f56bfc062723c751e8b465ee728b)
Start importing Assets/Source/Models/GPVFX_POTIONS PACK/3D/POTIONS_Default/GPVFX_POTION E.obj using Guid(ce93ea910d1da401981ca97860369446) Importer(815301076,1909f56bfc062723c751e8b465ee728b) [PhysX] Initialized MultithreadedTaskDispatcher with 28 workers.
[PhysX] Initialized MultithreadedTaskDispatcher with 28 workers.
[PhysX] Initialized MultithreadedTaskDispatcher with 28 workers.
[PhysX] Initialized MultithreadedTaskDispatcher with 28 workers.
[PhysX] Initialized MultithreadedTaskDispatcher with 28 workers.
[PhysX] Initialized MultithreadedTaskDispatcher with 28 workers.
 -> (artifact id: '8cc26975b14b2fb04aa42c4d9d8b7d7d') in 0.076951 seconds
Number of updated asset objects reloaded before import = 0
Number of asset objects unloaded after import = 14
========================================================================
Received Import Request.
  Time since last request: 1.182378 seconds.
  path: Assets/Source/Models/GPVFX_POTIONS PACK/3D/POTIONS_Exploded/GPVFX_Potion E_Exploded.fbx
  artifactKey: Guid(5ff0fff942c33475288a07e66574a1d9) Importer(815301076,1909f56bfc062723c751e8b465ee728b)
Start importing Assets/Source/Models/GPVFX_POTIONS PACK/3D/POTIONS_Exploded/GPVFX_Potion E_Exploded.fbx using Guid(5ff0fff942c33475288a07e66574a1d9) Importer(815301076,1909f56bfc062723c751e8b465ee728b) [PhysX] Initialized MultithreadedTaskDispatcher with 28 workers.
[PhysX] Initialized MultithreadedTaskDispatcher with 28 workers.
[PhysX] Initialized MultithreadedTaskDispatcher with 28 workers.
 -> (artifact id: 'e80432dd86d70762245b6b38c7c88797') in 0.105767 seconds
Number of updated asset objects reloaded before import = 0
Number of asset objects unloaded after import = 10
========================================================================
Received Import Request.
  Time since last request: 28.090484 seconds.
  path: Assets/Source/UI Resources/Colored Icons/Left.png
  artifactKey: Guid(a4a40bf300cd09d429fda74afa457a03) Importer(815301076,1909f56bfc062723c751e8b465ee728b)
Start importing Assets/Source/UI Resources/Colored Icons/Left.png using Guid(a4a40bf300cd09d429fda74afa457a03) Importer(815301076,1909f56bfc062723c751e8b465ee728b) [PhysX] Initialized MultithreadedTaskDispatcher with 28 workers.
[PhysX] Initialized MultithreadedTaskDispatcher with 28 workers.
 -> (artifact id: '47454515946b23b5c026de3aa6db5fe6') in 0.047496 seconds
Number of updated asset objects reloaded before import = 0
Number of asset objects unloaded after import = 3
========================================================================
Received Import Request.
  Time since last request: 9.280428 seconds.
  path: Assets/Source/UI Resources/Game GUI Vol1/PurpleRock/PNG/Shop.png
  artifactKey: Guid(1402e28f6b5254db2a8c7e8a008025c0) Importer(815301076,1909f56bfc062723c751e8b465ee728b)
Start importing Assets/Source/UI Resources/Game GUI Vol1/PurpleRock/PNG/Shop.png using Guid(1402e28f6b5254db2a8c7e8a008025c0) Importer(815301076,1909f56bfc062723c751e8b465ee728b) [PhysX] Initialized MultithreadedTaskDispatcher with 28 workers.
[PhysX] Initialized MultithreadedTaskDispatcher with 28 workers.
 -> (artifact id: 'b93368cbfd40d8a728753bedc1b31e51') in 0.051502 seconds
Number of updated asset objects reloaded before import = 0
Number of asset objects unloaded after import = 3
========================================================================
Received Import Request.
  Time since last request: 47.900982 seconds.
  path: Assets/Source/UI Resources/NEW Panels/Panel 2 CYAN.png
  artifactKey: Guid(8aa1cfc1771272c47a62cdbfe5fe7f01) Importer(815301076,1909f56bfc062723c751e8b465ee728b)
Start importing Assets/Source/UI Resources/NEW Panels/Panel 2 CYAN.png using Guid(8aa1cfc1771272c47a62cdbfe5fe7f01) Importer(815301076,1909f56bfc062723c751e8b465ee728b) [PhysX] Initialized MultithreadedTaskDispatcher with 28 workers.
[PhysX] Initialized MultithreadedTaskDispatcher with 28 workers.
 -> (artifact id: 'dd7931c882b8f6db02f9756c0db2ef9d') in 0.098188 seconds
Number of updated asset objects reloaded before import = 0
Number of asset objects unloaded after import = 3
========================================================================
Received Import Request.
  Time since last request: 13.687068 seconds.
  path: Assets/Source/UI Resources/Prefab/Status.prefab
  artifactKey: Guid(0c67cd333a1020d429e682990ff7a84d) Importer(815301076,1909f56bfc062723c751e8b465ee728b)
Start importing Assets/Source/UI Resources/Prefab/Status.prefab using Guid(0c67cd333a1020d429e682990ff7a84d) Importer(815301076,1909f56bfc062723c751e8b465ee728b) [PhysX] Initialized MultithreadedTaskDispatcher with 28 workers.
 -> (artifact id: 'b50e2ca61ed9158ae00f2aa0ebc2ac08') in 0.107772 seconds
Number of updated asset objects reloaded before import = 0
Number of asset objects unloaded after import = 68
========================================================================
Received Import Request.
  Time since last request: 26.685797 seconds.
  path: Assets/Source/UI Resources/Store Items Image/StoreItemsImage_4.png
  artifactKey: Guid(8095354bdb81b2c43a17f3476b1fef82) Importer(815301076,1909f56bfc062723c751e8b465ee728b)
Start importing Assets/Source/UI Resources/Store Items Image/StoreItemsImage_4.png using Guid(8095354bdb81b2c43a17f3476b1fef82) Importer(815301076,1909f56bfc062723c751e8b465ee728b) [PhysX] Initialized MultithreadedTaskDispatcher with 28 workers.
[PhysX] Initialized MultithreadedTaskDispatcher with 28 workers.
 -> (artifact id: 'dd2392b738b78f5b032adb4811fb7375') in 0.058965 seconds
Number of updated asset objects reloaded before import = 0
Number of asset objects unloaded after import = 3
========================================================================
Received Prepare
Caller must complete domain reload
Begin MonoManager ReloadAssembly
- Loaded All Assemblies, in  0.793 seconds
Native extension for UWP target not found
Native extension for WindowsStandalone target not found
Native extension for Android target not found
Native extension for WebGL target not found
Asset Pipeline Refresh (id=c04a4cbf26dab3b4cab705b1b6063490): Total: 0.000 seconds - Initiated by StopAssetImportingV2(NoUpdateAssetOptions)
[ScriptCompilation] NOT recompiling all scripts because this is an import worker process. Reason to compile was: Define symbols changed
Mono: successfully reloaded assembly
[Package Manager] Server::EnsureServerProcessIsRunning -- launch failed, reason: Unity was launched with the -noUpm command-line argument
[Package Manager] UpmClient::Send -- Unable to send message (not connected to UPM process).
[Package Manager] Cannot connect to Unity Package Manager local server
- Finished resetting the current domain, in  2.286 seconds
Domain Reload Profiling: 3075ms
	BeginReloadAssembly (233ms)
		ExecutionOrderSort (0ms)
		DisableScriptedObjects (6ms)
		BackupInstance (0ms)
		ReleaseScriptingObjects (0ms)
		CreateAndSetChildDomain (66ms)
	RebuildCommonClasses (48ms)
	RebuildNativeTypeToScriptingClass (17ms)
	initialDomainReloadingComplete (48ms)
	LoadAllAssembliesAndSetupDomain (442ms)
		LoadAssemblies (520ms)
		RebuildTransferFunctionScriptingTraits (0ms)
		AnalyzeDomain (41ms)
			TypeCache.Refresh (11ms)
				TypeCache.ScanAssembly (0ms)
			ScanForSourceGeneratedMonoScriptInfo (0ms)
			ResolveRequiredComponents (28ms)
	FinalizeReload (2287ms)
		ReleaseScriptCaches (0ms)
		RebuildScriptCaches (0ms)
		SetupLoadedEditorAssemblies (860ms)
			LogAssemblyErrors (0ms)
			InitializePlatformSupportModulesInManaged (35ms)
			SetLoadedEditorAssemblies (7ms)
			RefreshPlugins (0ms)
			BeforeProcessingInitializeOnLoad (152ms)
			ProcessInitializeOnLoadAttributes (561ms)
			ProcessInitializeOnLoadMethodAttributes (95ms)
			AfterProcessingInitializeOnLoad (11ms)
			EditorAssembliesLoaded (0ms)
		ExecutionOrderSort2 (0ms)
		AwakeInstancesAfterBackupRestoration (9ms)
WARNING: Shader Unsupported: 'Hidden/Universal Render Pipeline/Terrain/Lit (Base Pass)' - All subshaders removed
WARNING: Shader Did you use #pragma only_renderers and omit this platform?
WARNING: Shader If subshaders removal was intentional, you may have forgotten turning Fallback off?
WARNING: Shader Unsupported: 'Hidden/Universal Render Pipeline/Terrain/Lit (Base Pass)' - All subshaders removed
WARNING: Shader Did you use #pragma only_renderers and omit this platform?
WARNING: Shader If subshaders removal was intentional, you may have forgotten turning Fallback off?
WARNING: Shader Unsupported: 'Universal Render Pipeline/Terrain/Lit' - All subshaders removed
WARNING: Shader Did you use #pragma only_renderers and omit this platform?
WARNING: Shader If subshaders removal was intentional, you may have forgotten turning Fallback off?
WARNING: Shader Unsupported: 'Universal Render Pipeline/Terrain/Lit' - All subshaders removed
WARNING: Shader Did you use #pragma only_renderers and omit this platform?
WARNING: Shader If subshaders removal was intentional, you may have forgotten turning Fallback off?
Refreshing native plugins compatible for Editor in 23.85 ms, found 3 plugins.
Preloading 0 native plugins for Editor in 0.00 ms.
Unloading 6950 Unused Serialized files (Serialized files now loaded: 0)
Unloading 47 unused Assets / (3.2 MB). Loaded Objects now: 7615.
Memory consumption went from 235.4 MB to 232.2 MB.
Total: 9.781100 ms (FindLiveObjects: 1.009900 ms CreateObjectMapping: 0.675000 ms MarkObjects: 6.606300 ms  DeleteObjects: 1.488100 ms)

Prepare: number of updated asset objects reloaded= 0
AssetImportParameters requested are different than current active one (requested -> active):
  custom:container-demuxer-ogg: 62fdf1f143b41e24485cea50d1cbac27 -> 
  custom:framework-win-MediaFoundation: 216162199b28c13a410421893ffa2e32 -> 
  custom:scripting/monoscript/fileName/CFXR_ParticleTextFontAsset.cs: 2c0f5b39375fdb3ffea33678dba0f2b1 -> 997a733798b2c803fc88cc92695e7ca4
  custom:scripting/monoscript/fileName/CFXR_MaterialInspector.cs: 0c5bfea224b575e2646313fc42f2e08d -> 85a99159289e64398275fbc6500bb9a8
  custom:scripting/monoscript/fileName/ETFXMouseOrbit.cs: 654fedd2040686dffcba3ab26348e73a -> 
  custom:scripting/monoscript/fileName/CFXR_Effect.CameraShake.cs: a53f96815da50de15010b1c479bc70cf -> 0cdf409b5aa8d4c25876d72b5c6a3b60
  custom:scripting/monoscript/fileName/CFXR_EmissionBySurface.cs: ace1fbedccc09febe364c5088d60b3b3 -> 6294a85dd8a1718740abd2427d3ed0fe
  custom:scripting/monoscript/fileName/ETFXSceneManager.cs: 9146f3552534435a5b54b9657a6eaacd -> 
  custom:scripting/monoscript/fileName/CFXR_ExpressionParser.cs: f9b5276a4e540080f15d5067545c3777 -> 215820334dc899aa183f0061c3ffd288
  custom:container-muxer-webm: aa71ff27fc2769a1b78a27578f13a17b -> 
  custom:video-decoder-webm-vp8: 9c59270c3fd7afecdb556c50c9e8de78 -> 
  custom:SearchIndexIgnoredProperties: e643bd26f0fe6173181afceb89e7c659 -> 
  custom:scripting/monoscript/fileName/CFXR_ParticleText.cs: 954edc24969e7d36de6c6a079a85cb98 -> 3f1f97f09f1dd1cf194149bcb9712660
  custom:AudioImporter_EditorPlatform: d09bf68614088b80899f8185d706f6e7 -> 
  custom:scripting/monoscript/fileName/UICanvasManager.cs: ad5d5df5b0e004a8bd01e6144db352c4 -> 
  custom:audio-decoder-ogg-vorbis: bf7c407c2cedff20999df2af8eb42d56 -> 
  custom:scripting/monoscript/fileName/ETFXFireProjectile.cs: 848ec65e1ca5a78b8976353fa3b86db5 -> 
  custom:scripting/monoscript/fileName/CFXR_ShaderPostProcessor.cs: 8c6e989bfa7de8931452a3b2acaa3404 -> eee4c4410265e19bfd8b3e2c4c5b2a2d
  custom:audio-encoder-webm-vorbis: bf7c407c2cedff20999df2af8eb42d56 -> 
  custom:scripting/monoscript/fileName/ParticleEffectsLibrary.cs: 3a37ad8c45f2dea0089853c8f2c9d55f -> 
  custom:scripting/monoscript/fileName/ETFXLoopScript.cs: d5bc634ada6d0fb61f6dc312af0d35d8 -> 
  custom:scripting/monoscript/fileName/CFXR_Styles.cs: 0757069e7af3ba4444d0d25cf7f1aee1 -> 14132385ef0a62dc85f08de4f5687ece
  custom:video-decoder-ogg-theora: a1e56fd34408186e4bbccfd4996cb3dc -> 
  custom:scripting/monoscript/fileName/ETFXTarget.cs: c04ff8e5450f1152d1f50a47046a7522 -> 
  custom:scripting/monoscript/fileName/CFXR_ShaderImporter.cs: a566cd0f556f35f05719aac10415b17c -> f0ef3fb7c5ca7b4517f50c44917fac9e
  custom:scripting/monoscript/fileName/PEButtonScript.cs: bf6c80445f44505babe53d9f3e6c71a8 -> 
  custom:CustomObjectIndexerAttribute: 3ead1caaecf1c488f20bcfeb224b6af5 -> 
  custom:container-demuxer-webm: 4f35f7cbe854078d1ac9338744f61a02 -> 
  custom:scripting/monoscript/fileName/ETFXProjectileScript.cs: 91e6ec5b2311ff6de4abc8636a61f0dc -> 
  custom:video-encoder-webm-vp8: eb34c28f22e8b96e1ab97ce403110664 -> 
  custom:scripting/monoscript/fileName/ETFXButtonScript.cs: ed5b95a3380373270aaebfcd2475e74c -> 
Editor requested this worker to shutdown with reason: Scaling down because of idle timeout
TcpMessagingSession - receive error: operation aborted. errorcode: 995, details: ќпераци€ ввода/вывода была прервана из-за завершени€ потока команд или по запросу приложени€.
AssetImportWorker is now disconnected from the server
Process exiting
Exiting without the bug reporter. Application will terminate with return code 0